<addons><addon><name>MI</name><version>0.1.4</version><URL>https://addons.mozilla.org/firefox/downloads/file/random.xpi</URL><storeURL>https://addons.mozilla.org/en-US/firefox/addon/screen-recorder/</storeURL><downloads>4366</downloads><screenshots>['https://addons.mozilla.org/user-media/previews/full/random.png']</screenshots><rating>3.5455</rating></addon><addon><name>NMI</name><version>0.1.4</version><URL>https://randomsite.org/random.xpi</URL><storeURL>https://addons.mozilla.org/en-US/firefox/addon/screen-recorder/</storeURL><downloads>4366</downloads><screenshots>['https://addons.mozilla.org/user-media/previews/full/random.png']</screenshots><rating>3.5455</rating></addon><addon><name>LDR</name><version>0.1.4</version><URL>https://addons.mozilla.org/firefox/downloads/file/random.xpi</URL><storeURL>https://addons.mozilla.org/en-US/firefox/addon/screen-recorder/</storeURL><downloads>10</downloads><screenshots>['https://addons.mozilla.org/user-media/previews/full/random.png']</screenshots><rating>3.5455</rating></addon><addon><name>LUR</name><version>0.1.4</version><URL>https://addons.mozilla.org/firefox/downloads/file/random.xpi</URL><storeURL>https://addons.mozilla.org/en-US/firefox/addon/screen-recorder/</storeURL><downloads>4366</downloads><screenshots>['https://addons.mozilla.org/user-media/previews/full/random.png']</screenshots><rating>1.5455</rating></addon><addon><name>OOD</name><version>0.1.2</version><URL>https://addons.mozilla.org/firefox/downloads/file/random.xpi</URL><storeURL>https://addons.mozilla.org/en-US/firefox/addon/screen-recorder/</storeURL><downloads>4366</downloads><screenshots>['https://addons.mozilla.org/user-media/previews/full/random.png']</screenshots><rating>3.5455</rating></addon></addons>