name,version,URL,storeURL,downloads,screenshots,rating
MI,0.1.4,https://addons.mozilla.org/firefox/downloads/file/random.xpi,https://addons.mozilla.org/en-US/firefox/addon/screen-recorder/,4366,['https://addons.mozilla.org/user-media/previews/full/random.png'],3.5455
NMI,0.1.4,https://randomsite.org/random.xpi,https://addons.mozilla.org/en-US/firefox/addon/screen-recorder/,4366,['https://addons.mozilla.org/user-media/previews/full/random.png'],3.5455
LDR,0.1.4,https://addons.mozilla.org/firefox/downloads/file/random.xpi,https://addons.mozilla.org/en-US/firefox/addon/screen-recorder/,10,['https://addons.mozilla.org/user-media/previews/full/random.png'],3.5455
LUR,0.1.4,https://addons.mozilla.org/firefox/downloads/file/random.xpi,https://addons.mozilla.org/en-US/firefox/addon/screen-recorder/,4366,['https://addons.mozilla.org/user-media/previews/full/random.png'],1.5455
OOD,0.1.2,https://addons.mozilla.org/firefox/downloads/file/random.xpi,https://addons.mozilla.org/en-US/firefox/addon/screen-recorder/,4366,['https://addons.mozilla.org/user-media/previews/full/random.png'],3.5455
