{"Deleted": [{"dateAdded": "2022-02-27 18:17:33", "URL": "https://status.garudalinux.org/", "title": "Uptimes", "active": false}]}