<analysedBookmarks><deleted><bookmark><dateAdded>2022-02-27 18:17:33</dateAdded><URL>https://status.garudalinux.org/</URL><title>Uptimes</title><active>False</active></bookmark></deleted></analysedBookmarks>