<analysedLogins><commonlyUsed><login><host>https://www.random1.org</host><encryptedUsername>MDoEEPgAAAAAAAAAAAAAAAAAAAEwFAYIKoZIhvcNAwcECDhbAmoQ1rxBBBAf1xYB9urEddqUi0IjoQfd</encryptedUsername><encryptedPassword>MEIEEPgAAAAAAAAAAAAAAAAAAAEwFAYIKoZIhvcNAwcECO+uPnP/DF9eBBhSJrZLr0XcDXFLcczjx5oSw3ZFR5b3Vao=</encryptedPassword><username>randomUsername1</username><password>randomPassword10</password></login><login><host>https://www.random2.org</host><encryptedUsername>MDoEEPgAAAAAAAAAAAAAAAAAAAEwFAYIKoZIhvcNAwcECAJX3+51x1qsBBABa2LMllqe7zeDuAQIuewg</encryptedUsername><encryptedPassword>MEIEEPgAAAAAAAAAAAAAAAAAAAEwFAYIKoZIhvcNAwcECGM1Ruiqm8CoBBgtI9BVXlydcx8yKVlr0QjinnalO2/iwFU=</encryptedPassword><username>randomUsername1</username><password>randomPassword10</password></login><login><host>https://www.random3.org</host><encryptedUsername>MDoEEPgAAAAAAAAAAAAAAAAAAAEwFAYIKoZIhvcNAwcECPtD9Skd8X6jBBAEKZlOOGohdm2sUMxr0H9N</encryptedUsername><encryptedPassword>MEIEEPgAAAAAAAAAAAAAAAAAAAEwFAYIKoZIhvcNAwcECH3dP33w4QNNBBgd7zx79helCuEkDedKtC1EZPa1EF3makw=</encryptedPassword><username>randomUsername1</username><password>randomPassword10</password></login><login><host>https://www.random4.org</host><encryptedUsername>MDoEEPgAAAAAAAAAAAAAAAAAAAEwFAYIKoZIhvcNAwcECKpKW1VtNJ0kBBB49vsyvTpQpzPRa+1MN8CP</encryptedUsername><encryptedPassword>MEIEEPgAAAAAAAAAAAAAAAAAAAEwFAYIKoZIhvcNAwcECNL+k9IUTeXjBBgjVLEd7paGsG1gyF5KVGcSoFZ3ocrxazg=</encryptedPassword><username>randomUsername1</username><password>randomPassword10</password></login><login><host>https://www.random5.org</host><encryptedUsername>MDoEEPgAAAAAAAAAAAAAAAAAAAEwFAYIKoZIhvcNAwcECKzaVjvsU5oJBBAOqeC4JXOrKeZ5uRqX+kGZ</encryptedUsername><encryptedPassword>MEIEEPgAAAAAAAAAAAAAAAAAAAEwFAYIKoZIhvcNAwcECJigTauTgdN7BBhmM59qO4SvbNMFA4RT2G31REHi17W3FYw=</encryptedPassword><username>randomUsername1</username><password>randomPassword10</password></login><login><host>https://www.random6.org</host><encryptedUsername>MDoEEPgAAAAAAAAAAAAAAAAAAAEwFAYIKoZIhvcNAwcECAKa+McwGoUlBBCfHYZKV0SoFKfXMmcUs2M3</encryptedUsername><encryptedPassword>MEIEEPgAAAAAAAAAAAAAAAAAAAEwFAYIKoZIhvcNAwcECFRpPre7NmrIBBhiN668eCU+YfolBzX9fRuG8RRFwoiyhzQ=</encryptedPassword><username>randomUsername1</username><password>randomPassword10</password></login><login><host>https://www.random7.org</host><encryptedUsername>MDoEEPgAAAAAAAAAAAAAAAAAAAEwFAYIKoZIhvcNAwcECHls0RirirHbBBA3cvVStl/BOiIz8XX9JArp</encryptedUsername><encryptedPassword>MEIEEPgAAAAAAAAAAAAAAAAAAAEwFAYIKoZIhvcNAwcECGu3rD4dwUjQBBhQ7HUN1Um4Ahf5nFzndTNz5e9O963aJKA=</encryptedPassword><username>randomUsername1</username><password>randomPassword10</password></login><login><host>https://www.random8.org</host><encryptedUsername>MDoEEPgAAAAAAAAAAAAAAAAAAAEwFAYIKoZIhvcNAwcECCidN4eQl2yVBBA79GdF65YOzuejxQNzSDw9</encryptedUsername><encryptedPassword>MEIEEPgAAAAAAAAAAAAAAAAAAAEwFAYIKoZIhvcNAwcECBgzQb5warwBBBgSpiZOyhLHm0hmrbngpGMN3q80dIWr/2s=</encryptedPassword><username>randomUsername1</username><password>randomPassword10</password></login><login><host>https://www.random9.org</host><encryptedUsername>MDoEEPgAAAAAAAAAAAAAAAAAAAEwFAYIKoZIhvcNAwcECNNArQ4NRVqcBBDazO/PE4IL7qUu2U7mVmgl</encryptedUsername><encryptedPassword>MEIEEPgAAAAAAAAAAAAAAAAAAAEwFAYIKoZIhvcNAwcECNtv7tFFQ9aQBBj9PiSZ2dA9i+Mk3GAHlqcJSEkMKvPrjVk=</encryptedPassword><username>randomUsername1</username><password>randomPassword10</password></login><login><host>https://www.random10.org</host><encryptedUsername>MDoEEPgAAAAAAAAAAAAAAAAAAAEwFAYIKoZIhvcNAwcECEDsdDU5P9wVBBAe3yymCLCEhYkHxX3coU9g</encryptedUsername><encryptedPassword>MEIEEPgAAAAAAAAAAAAAAAAAAAEwFAYIKoZIhvcNAwcECL1ftreRh0a5BBjT9OlgmXxm6g17InkKA1MGuiSyTsqlvMQ=</encryptedPassword><username>randomUsername1</username><password>randomPassword10</password></login><login><host>https://www.test1.org</host><encryptedUsername>MDoEEPgAAAAAAAAAAAAAAAAAAAEwFAYIKoZIhvcNAwcECFfnZiqCFVfcBBCKGhSrVJDmKdqp0hWE54Aw</encryptedUsername><encryptedPassword>MDoEEPgAAAAAAAAAAAAAAAAAAAEwFAYIKoZIhvcNAwcECJcr4kCxZ3qkBBDjO0qT5G6Orrspr1eX1a9a</encryptedPassword><username>randomUsername2</username><password>randomPassword9</password></login><login><host>https://www.test2.org</host><encryptedUsername>MDoEEPgAAAAAAAAAAAAAAAAAAAEwFAYIKoZIhvcNAwcECMVCDjJZPPGiBBDMLHluhx3gKOvhZkONpprZ</encryptedUsername><encryptedPassword>MDoEEPgAAAAAAAAAAAAAAAAAAAEwFAYIKoZIhvcNAwcECFy2LqExRufaBBDB2fOE9ndupeJeVd34jy/R</encryptedPassword><username>randomUsername2</username><password>randomPassword9</password></login><login><host>https://www.test3.org</host><encryptedUsername>MDoEEPgAAAAAAAAAAAAAAAAAAAEwFAYIKoZIhvcNAwcECOtRIXgVhdZ0BBAU+hLVQFLjgJSZ4Gu/eI9+</encryptedUsername><encryptedPassword>MDoEEPgAAAAAAAAAAAAAAAAAAAEwFAYIKoZIhvcNAwcECKFsZFRsH+FGBBAehCtSKxe9ohGmVVsNLUUV</encryptedPassword><username>randomUsername2</username><password>randomPassword9</password></login><login><host>https://www.test4.org</host><encryptedUsername>MDoEEPgAAAAAAAAAAAAAAAAAAAEwFAYIKoZIhvcNAwcECCqlfzyGi9RdBBDPg8IHV28BZ58J5Ejc2rDT</encryptedUsername><encryptedPassword>MDoEEPgAAAAAAAAAAAAAAAAAAAEwFAYIKoZIhvcNAwcECBSBvuXF7CC0BBBTEblvec0G5amXLjjOK8dw</encryptedPassword><username>randomUsername2</username><password>randomPassword9</password></login><login><host>https://www.test5.org</host><encryptedUsername>MDoEEPgAAAAAAAAAAAAAAAAAAAEwFAYIKoZIhvcNAwcECK2YgzVh2rqkBBB1bI2rEGCW09fTxyQgOdY+</encryptedUsername><encryptedPassword>MDoEEPgAAAAAAAAAAAAAAAAAAAEwFAYIKoZIhvcNAwcECI8PL4Su/0k8BBBHd93dM1ZsJ6zW6PVWeV2R</encryptedPassword><username>randomUsername2</username><password>randomPassword9</password></login><login><host>https://www.test6.org</host><encryptedUsername>MDoEEPgAAAAAAAAAAAAAAAAAAAEwFAYIKoZIhvcNAwcECGNXcrlYPSMXBBDHvbMIRZuGX1buJHPLsMVl</encryptedUsername><encryptedPassword>MDoEEPgAAAAAAAAAAAAAAAAAAAEwFAYIKoZIhvcNAwcECD5HIBw+UN6NBBBnfHXT5SrZEDmdBn43nHAw</encryptedPassword><username>randomUsername2</username><password>randomPassword9</password></login><login><host>https://www.test7.org</host><encryptedUsername>MDoEEPgAAAAAAAAAAAAAAAAAAAEwFAYIKoZIhvcNAwcECM0VQ0TpLLuBBBCPNh28nw00/BqhucFjqD9d</encryptedUsername><encryptedPassword>MDoEEPgAAAAAAAAAAAAAAAAAAAEwFAYIKoZIhvcNAwcECGRmMwx7Z02YBBA0oM+GgXBpcCvwXaeMvgAG</encryptedPassword><username>randomUsername2</username><password>randomPassword9</password></login><login><host>https://www.test8.org</host><encryptedUsername>MDoEEPgAAAAAAAAAAAAAAAAAAAEwFAYIKoZIhvcNAwcECM9iSMQN/i0MBBDK0232mW2lNttFd2ikQN8d</encryptedUsername><encryptedPassword>MDoEEPgAAAAAAAAAAAAAAAAAAAEwFAYIKoZIhvcNAwcECKi68SEC3JO/BBBwN9hyFN/Y41tAmdcga9Ko</encryptedPassword><username>randomUsername2</username><password>randomPassword9</password></login><login><host>https://www.test9.org</host><encryptedUsername>MDoEEPgAAAAAAAAAAAAAAAAAAAEwFAYIKoZIhvcNAwcECERUZsFpbd5LBBA41OqIPkW/DBWJPdq3RBeJ</encryptedUsername><encryptedPassword>MDoEEPgAAAAAAAAAAAAAAAAAAAEwFAYIKoZIhvcNAwcECBbvMAfDqRdIBBDQ/uuKpLXUwN7xRZ1YatsH</encryptedPassword><username>randomUsername2</username><password>randomPassword9</password></login><login><host>https://www.crash1.org</host><encryptedUsername>MDoEEPgAAAAAAAAAAAAAAAAAAAEwFAYIKoZIhvcNAwcECK0p4Nci1odvBBCvhaIcsh21asAJBMYzJXZE</encryptedUsername><encryptedPassword>MDoEEPgAAAAAAAAAAAAAAAAAAAEwFAYIKoZIhvcNAwcECF+Vhj8PN0xRBBDDfJ1FN7RitwmZ4/RjxbAD</encryptedPassword><username>randomUsername3</username><password>randomPassword8</password></login><login><host>https://www.crash2.org</host><encryptedUsername>MDoEEPgAAAAAAAAAAAAAAAAAAAEwFAYIKoZIhvcNAwcECDc49qT0/IHABBBK0aqFTgYBH1wlKaek8JJA</encryptedUsername><encryptedPassword>MDoEEPgAAAAAAAAAAAAAAAAAAAEwFAYIKoZIhvcNAwcECPg4uOwxi1RYBBD1NrUlVJUxU+Vc1/ix8iuV</encryptedPassword><username>randomUsername3</username><password>randomPassword8</password></login><login><host>https://www.crash3.org</host><encryptedUsername>MDoEEPgAAAAAAAAAAAAAAAAAAAEwFAYIKoZIhvcNAwcECKE1BmaOspBVBBB76ALmw1yZLgm1w16efDf2</encryptedUsername><encryptedPassword>MDoEEPgAAAAAAAAAAAAAAAAAAAEwFAYIKoZIhvcNAwcECKKYQt8wkFqGBBD0ZFtbnZBMyQHWioC0SK3B</encryptedPassword><username>randomUsername3</username><password>randomPassword8</password></login><login><host>https://www.crash4.org</host><encryptedUsername>MDoEEPgAAAAAAAAAAAAAAAAAAAEwFAYIKoZIhvcNAwcECCWBS2L3HYj/BBBdwaEomU1BoJNkl1/V61i1</encryptedUsername><encryptedPassword>MDoEEPgAAAAAAAAAAAAAAAAAAAEwFAYIKoZIhvcNAwcECOMcl06U0rv0BBAYR+ymctBKrLeb/1VWdyyH</encryptedPassword><username>randomUsername3</username><password>randomPassword8</password></login><login><host>https://www.crash5.org</host><encryptedUsername>MDoEEPgAAAAAAAAAAAAAAAAAAAEwFAYIKoZIhvcNAwcECG85/tE4OYyLBBBOCDq80h52HcfJ9yAGMti4</encryptedUsername><encryptedPassword>MDoEEPgAAAAAAAAAAAAAAAAAAAEwFAYIKoZIhvcNAwcECLWPZXv7iQz6BBDQ6f0wUCmOELwCqfdw1YAy</encryptedPassword><username>randomUsername3</username><password>randomPassword8</password></login><login><host>https://www.crash6.org</host><encryptedUsername>MDoEEPgAAAAAAAAAAAAAAAAAAAEwFAYIKoZIhvcNAwcECPG8zBgp1aNdBBDYE/sckIeT180hLIGVm+Py</encryptedUsername><encryptedPassword>MDoEEPgAAAAAAAAAAAAAAAAAAAEwFAYIKoZIhvcNAwcECGkqmsPlClwGBBCgoW20EpCWVX4sK9nD7Ywh</encryptedPassword><username>randomUsername3</username><password>randomPassword8</password></login><login><host>https://www.crash7.org</host><encryptedUsername>MDoEEPgAAAAAAAAAAAAAAAAAAAEwFAYIKoZIhvcNAwcECH5pn9wtE99pBBDnGvOE95Y1uSvDed0avNzp</encryptedUsername><encryptedPassword>MDoEEPgAAAAAAAAAAAAAAAAAAAEwFAYIKoZIhvcNAwcECOAaC5mdt99ABBBiyM2UJvMg0QsynjwZ6q8q</encryptedPassword><username>randomUsername3</username><password>randomPassword8</password></login><login><host>https://www.crash8.org</host><encryptedUsername>MDoEEPgAAAAAAAAAAAAAAAAAAAEwFAYIKoZIhvcNAwcECATJ8oud0UjIBBCFXxlvhfri+vlGAXZXpY2V</encryptedUsername><encryptedPassword>MDoEEPgAAAAAAAAAAAAAAAAAAAEwFAYIKoZIhvcNAwcECCwR1XUwB5tIBBBv8GvyZtVHR1paG86kHk/f</encryptedPassword><username>randomUsername3</username><password>randomPassword8</password></login><login><host>https://www.scrape1.org</host><encryptedUsername>MDoEEPgAAAAAAAAAAAAAAAAAAAEwFAYIKoZIhvcNAwcECDoDn5wI2ejTBBC00ETdyVCIaUMpWmi8YWK3</encryptedUsername><encryptedPassword>MDoEEPgAAAAAAAAAAAAAAAAAAAEwFAYIKoZIhvcNAwcECEtRrlnmaUfMBBBJH7uGROMjVzhXtNWMIiks</encryptedPassword><username>randomUsername4</username><password>randomPassword7</password></login><login><host>https://www.scrape2.org</host><encryptedUsername>MDoEEPgAAAAAAAAAAAAAAAAAAAEwFAYIKoZIhvcNAwcECPHt40VPq6mYBBBdNXoNwvaLuqrtOX7urO83</encryptedUsername><encryptedPassword>MDoEEPgAAAAAAAAAAAAAAAAAAAEwFAYIKoZIhvcNAwcECEOEPKSXCmXzBBCv1zaI7Ym5XsH5wLzA9JA1</encryptedPassword><username>randomUsername4</username><password>randomPassword7</password></login><login><host>https://www.scrape3.org</host><encryptedUsername>MDoEEPgAAAAAAAAAAAAAAAAAAAEwFAYIKoZIhvcNAwcECPylEMX7oXZ2BBCoHDd3lQJgUDKKMFQEDqlW</encryptedUsername><encryptedPassword>MDoEEPgAAAAAAAAAAAAAAAAAAAEwFAYIKoZIhvcNAwcECD2UV6t1BMpKBBA98ZOwNRQ3bV3mjyzOKsaQ</encryptedPassword><username>randomUsername4</username><password>randomPassword7</password></login><login><host>https://www.scrape4.org</host><encryptedUsername>MDoEEPgAAAAAAAAAAAAAAAAAAAEwFAYIKoZIhvcNAwcECOOJ/q3PNWgJBBCQG/q0dHxEietwsZ6nessL</encryptedUsername><encryptedPassword>MDoEEPgAAAAAAAAAAAAAAAAAAAEwFAYIKoZIhvcNAwcECC/roe+c7NRWBBCGOcYZhU9hF3+VpPLperBN</encryptedPassword><username>randomUsername4</username><password>randomPassword7</password></login><login><host>https://www.scrape5.org</host><encryptedUsername>MDoEEPgAAAAAAAAAAAAAAAAAAAEwFAYIKoZIhvcNAwcECCZoYel68lExBBBX7kfmNl9ywO5zXpkDFxwD</encryptedUsername><encryptedPassword>MDoEEPgAAAAAAAAAAAAAAAAAAAEwFAYIKoZIhvcNAwcECLbf73ornvw6BBA1/IxYZ4E38/IUoZR3BoTA</encryptedPassword><username>randomUsername4</username><password>randomPassword7</password></login><login><host>https://www.scrape6.org</host><encryptedUsername>MDoEEPgAAAAAAAAAAAAAAAAAAAEwFAYIKoZIhvcNAwcECEmyms6sjk2sBBCNi1Ep6dQx6STuMshxENBH</encryptedUsername><encryptedPassword>MDoEEPgAAAAAAAAAAAAAAAAAAAEwFAYIKoZIhvcNAwcECOr8MP/t+QvDBBB9w9Eq5pYqt/PKJMwQ70CH</encryptedPassword><username>randomUsername4</username><password>randomPassword7</password></login><login><host>https://www.scrape7.org</host><encryptedUsername>MDoEEPgAAAAAAAAAAAAAAAAAAAEwFAYIKoZIhvcNAwcECA4O/jU76ef6BBAxInAEgE5l0vejAwG9d1Ge</encryptedUsername><encryptedPassword>MDoEEPgAAAAAAAAAAAAAAAAAAAEwFAYIKoZIhvcNAwcECLbd3Guud9+xBBC/U0a+vV/5algiqOodu++k</encryptedPassword><username>randomUsername4</username><password>randomPassword7</password></login><login><host>https://www.credit1.org</host><encryptedUsername>MDoEEPgAAAAAAAAAAAAAAAAAAAEwFAYIKoZIhvcNAwcECDoR/P9Cc18lBBCQ4/2Ev5I4qfVBwx1ZsDFJ</encryptedUsername><encryptedPassword>MDoEEPgAAAAAAAAAAAAAAAAAAAEwFAYIKoZIhvcNAwcECC2vyqxdrWmyBBCsIb5zf9fHHZp4FdVAUlPH</encryptedPassword><username>randomUsername5</username><password>randomPassword6</password></login><login><host>https://www.credit2.org</host><encryptedUsername>MDoEEPgAAAAAAAAAAAAAAAAAAAEwFAYIKoZIhvcNAwcECCIAoC53tb9CBBDf4OKpmneTLb2yvlOEjzpi</encryptedUsername><encryptedPassword>MDoEEPgAAAAAAAAAAAAAAAAAAAEwFAYIKoZIhvcNAwcECK/lBO1Sy+IxBBDsyfqReHVl48s0IEAfl9Oo</encryptedPassword><username>randomUsername5</username><password>randomPassword6</password></login><login><host>https://www.credit3.org</host><encryptedUsername>MDoEEPgAAAAAAAAAAAAAAAAAAAEwFAYIKoZIhvcNAwcECC9p2+6nOD51BBB8m+P3g8c6f1eaiUvdK+Lh</encryptedUsername><encryptedPassword>MDoEEPgAAAAAAAAAAAAAAAAAAAEwFAYIKoZIhvcNAwcECAIs4Gd1zdGDBBD7WLFUQMgH2QAGz60Hu7bS</encryptedPassword><username>randomUsername5</username><password>randomPassword6</password></login><login><host>https://www.credit4.org</host><encryptedUsername>MDoEEPgAAAAAAAAAAAAAAAAAAAEwFAYIKoZIhvcNAwcECMCybKI8rBD1BBDBFPJCyRDwBiisqJFq4qCN</encryptedUsername><encryptedPassword>MDoEEPgAAAAAAAAAAAAAAAAAAAEwFAYIKoZIhvcNAwcECO+MuDoyq/0yBBBV3sQoQLCxL5Tp9IjZchw/</encryptedPassword><username>randomUsername5</username><password>randomPassword6</password></login><login><host>https://www.credit5.org</host><encryptedUsername>MDoEEPgAAAAAAAAAAAAAAAAAAAEwFAYIKoZIhvcNAwcECIp4NJvxUG9YBBDD3mOHUJw4rV138cNls37i</encryptedUsername><encryptedPassword>MDoEEPgAAAAAAAAAAAAAAAAAAAEwFAYIKoZIhvcNAwcECNVGi9xUexHwBBAQ6vEDoKEefPEAAafOhDRI</encryptedPassword><username>randomUsername5</username><password>randomPassword6</password></login><login><host>https://www.credit6.org</host><encryptedUsername>MDoEEPgAAAAAAAAAAAAAAAAAAAEwFAYIKoZIhvcNAwcECC4tw5H00jEtBBBC/T4sCyxTMk8zZk7Jj/2R</encryptedUsername><encryptedPassword>MDoEEPgAAAAAAAAAAAAAAAAAAAEwFAYIKoZIhvcNAwcECENGG2qWAiJrBBB7mL5+41kl67Ixq1lRUP51</encryptedPassword><username>randomUsername5</username><password>randomPassword6</password></login><login><host>https://www.truck1.org</host><encryptedUsername>MDoEEPgAAAAAAAAAAAAAAAAAAAEwFAYIKoZIhvcNAwcECLfZP1mOhU41BBBOViFxrrxsftFev+POEfiu</encryptedUsername><encryptedPassword>MDoEEPgAAAAAAAAAAAAAAAAAAAEwFAYIKoZIhvcNAwcECIRhod4Mn++OBBB3Edtq1XDbf/XZC9hEXuBp</encryptedPassword><username>randomUsername6</username><password>randomPassword5</password></login><login><host>https://www.truck2.org</host><encryptedUsername>MDoEEPgAAAAAAAAAAAAAAAAAAAEwFAYIKoZIhvcNAwcECEOELu3Q1Ft1BBC9ndxsAZlMd9/0xxBxFJxO</encryptedUsername><encryptedPassword>MDoEEPgAAAAAAAAAAAAAAAAAAAEwFAYIKoZIhvcNAwcECJCU7d4iGXw1BBD1evRWiKRVcxkDPWvaqqHg</encryptedPassword><username>randomUsername6</username><password>randomPassword5</password></login><login><host>https://www.truck3.org</host><encryptedUsername>MDoEEPgAAAAAAAAAAAAAAAAAAAEwFAYIKoZIhvcNAwcECHZZy0Qt/GCnBBCSWwB4bcqGS+xBZj2My4QQ</encryptedUsername><encryptedPassword>MDoEEPgAAAAAAAAAAAAAAAAAAAEwFAYIKoZIhvcNAwcECK747H2j+sSvBBAkrAgMdJJZMmu7f18vMFIx</encryptedPassword><username>randomUsername6</username><password>randomPassword5</password></login><login><host>https://www.truck4.org</host><encryptedUsername>MDoEEPgAAAAAAAAAAAAAAAAAAAEwFAYIKoZIhvcNAwcECJeBFoT3ejSGBBA1VWoESNgtLzW5I7I87TvV</encryptedUsername><encryptedPassword>MDoEEPgAAAAAAAAAAAAAAAAAAAEwFAYIKoZIhvcNAwcECM8SdjkTwnrGBBAK/Wv/opv7reyZWm3GsrW4</encryptedPassword><username>randomUsername6</username><password>randomPassword5</password></login><login><host>https://www.truck5.org</host><encryptedUsername>MDoEEPgAAAAAAAAAAAAAAAAAAAEwFAYIKoZIhvcNAwcECPalDhRAzdZwBBD/oeGGSh8RAdnY+hDodQGY</encryptedUsername><encryptedPassword>MDoEEPgAAAAAAAAAAAAAAAAAAAEwFAYIKoZIhvcNAwcECOHuZfmNEHR4BBDcaayfKrCV43O/W+R9v/Uk</encryptedPassword><username>randomUsername6</username><password>randomPassword5</password></login><login><host>https://www.shark1.org</host><encryptedUsername>MDoEEPgAAAAAAAAAAAAAAAAAAAEwFAYIKoZIhvcNAwcECBwPaV6stD/UBBAUwwz6LgVzoAUbhbEMEyhn</encryptedUsername><encryptedPassword>MDoEEPgAAAAAAAAAAAAAAAAAAAEwFAYIKoZIhvcNAwcECMg2H7L7LzjkBBB/i/Jhg/4I1fvKM5ZNbQym</encryptedPassword><username>randomUsername7</username><password>randomPassword4</password></login><login><host>https://www.shark2.org</host><encryptedUsername>MDoEEPgAAAAAAAAAAAAAAAAAAAEwFAYIKoZIhvcNAwcECEEkDAMjlN18BBCFf2RwqKI/TyhtMDfqxa4x</encryptedUsername><encryptedPassword>MDoEEPgAAAAAAAAAAAAAAAAAAAEwFAYIKoZIhvcNAwcECNyGjcErIjdvBBBdKYXZANmxHmTxbovSufvM</encryptedPassword><username>randomUsername7</username><password>randomPassword4</password></login><login><host>https://www.shark3.org</host><encryptedUsername>MDoEEPgAAAAAAAAAAAAAAAAAAAEwFAYIKoZIhvcNAwcECHWECrRlg8P4BBC+zZEJ8CD9/nUDDtrqb6U2</encryptedUsername><encryptedPassword>MDoEEPgAAAAAAAAAAAAAAAAAAAEwFAYIKoZIhvcNAwcECGtbPKFPoX6WBBDLLplLrRP3D77UOdsYsws6</encryptedPassword><username>randomUsername7</username><password>randomPassword4</password></login><login><host>https://www.shark4.org</host><encryptedUsername>MDoEEPgAAAAAAAAAAAAAAAAAAAEwFAYIKoZIhvcNAwcECBmKYNACHdNfBBDlinnAEYfQPQV/pKAUYXDT</encryptedUsername><encryptedPassword>MDoEEPgAAAAAAAAAAAAAAAAAAAEwFAYIKoZIhvcNAwcECN9QE4gbHWolBBB2tn+JW9X4y8lCpHaBefdo</encryptedPassword><username>randomUsername7</username><password>randomPassword4</password></login><login><host>https://www.drink1.org</host><encryptedUsername>MDoEEPgAAAAAAAAAAAAAAAAAAAEwFAYIKoZIhvcNAwcECLQyBAez/Nm+BBCeUrWslLVplWN0iWMKaUjB</encryptedUsername><encryptedPassword>MDoEEPgAAAAAAAAAAAAAAAAAAAEwFAYIKoZIhvcNAwcECEpIzDP4GUNYBBBEUA/QgjRNsGLpbMKBSh3Y</encryptedPassword><username>randomUsername8</username><password>randomPassword3</password></login><login><host>https://www.drink2.org</host><encryptedUsername>MDoEEPgAAAAAAAAAAAAAAAAAAAEwFAYIKoZIhvcNAwcECJBBq2+ckeMVBBCBqzqLBKE4gVnATQ9/Im0u</encryptedUsername><encryptedPassword>MDoEEPgAAAAAAAAAAAAAAAAAAAEwFAYIKoZIhvcNAwcECMRqo3SCC9ggBBBoHMlR9G6rw9j/QKjChEQm</encryptedPassword><username>randomUsername8</username><password>randomPassword3</password></login><login><host>https://www.drink3.org</host><encryptedUsername>MDoEEPgAAAAAAAAAAAAAAAAAAAEwFAYIKoZIhvcNAwcECJzog1nLgtwBBBDUJb0wjJNfdWEsCdATedGg</encryptedUsername><encryptedPassword>MDoEEPgAAAAAAAAAAAAAAAAAAAEwFAYIKoZIhvcNAwcECIBt/tyqxhozBBDRlBlpfRaE4BzIhW7wJA5t</encryptedPassword><username>randomUsername8</username><password>randomPassword3</password></login><login><host>https://www.movie1.org</host><encryptedUsername>MDoEEPgAAAAAAAAAAAAAAAAAAAEwFAYIKoZIhvcNAwcECGPfZK0YgNOSBBD62vsuNKj+08sHlCbh2sfo</encryptedUsername><encryptedPassword>MDoEEPgAAAAAAAAAAAAAAAAAAAEwFAYIKoZIhvcNAwcECKTiqbtR9Bd9BBCXYpqtyx4wQBiZt195QfsJ</encryptedPassword><username>randomUsername9</username><password>randomPassword2</password></login><login><host>https://www.movie2.org</host><encryptedUsername>MDoEEPgAAAAAAAAAAAAAAAAAAAEwFAYIKoZIhvcNAwcECDV5K7VOauGMBBDzpUMio7cbrHDQ+c0sEVj9</encryptedUsername><encryptedPassword>MDoEEPgAAAAAAAAAAAAAAAAAAAEwFAYIKoZIhvcNAwcECHGfz9QMSfnpBBDDIYhYK0tzKNyl198Ro9x3</encryptedPassword><username>randomUsername9</username><password>randomPassword2</password></login><login><host>https://www.angle1.org</host><encryptedUsername>MEIEEPgAAAAAAAAAAAAAAAAAAAEwFAYIKoZIhvcNAwcECEDR9euAFIKRBBhDX5/FYGevnF/J3sY5QGbr1k6dFCBz8AU=</encryptedUsername><encryptedPassword>MDoEEPgAAAAAAAAAAAAAAAAAAAEwFAYIKoZIhvcNAwcECM4GsE/b/8SSBBDdpJCI+CR88vnBQamSXmTv</encryptedPassword><username>randomUsername10</username><password>randomPassword1</password></login></commonlyUsed></analysedLogins>