reason,dateAdded,URL,title,active
Deleted,2022-02-27 18:17:33,https://status.garudalinux.org/,Uptimes,False
