reason,version,serial,hashAlgo,issuer,validFrom,validUntil,subject,subjectKeyAlgorithm,subjectKeyBitSize,extensions,cert,path
Uncommon Issuer,v3,643737735079251349059814484552445383379674142909,sha256,"Common Name: Interesting Root CA, Organization: Interesting Company Ltd, Country: US",2022-02-28 08:55:54,2032-02-26 08:55:54,"Common Name: Interesting Root CA, Organization: Interesting Company Ltd, Country: US",rsa,4096,"['key_identifier', 'authority_key_identifier', 'basic_constraints']",1,certificates/Interesting-Root-CA-643737735079251349059814484552445383379674142909.pem
Weak Encryption,v3,63880105197353413521624658489231510078830328257,md5,"Common Name: Izenpe.com, Organization: IZENPE S.A., Country: ES",2022-02-28 09:01:30,2032-02-26 09:01:30,"Common Name: Izenpe.com, Organization: IZENPE S.A., Country: ES",rsa,4096,"['key_identifier', 'authority_key_identifier', 'basic_constraints']",1,certificates/Izenpe.com-63880105197353413521624658489231510078830328257.pem
Weak Encryption,v3,105738104617191913066584805998228207437749026474,sha256,"Common Name: Izenpe.com, Organization: IZENPE S.A., Country: ES",2022-02-28 09:01:11,2032-02-26 09:01:11,"Common Name: Izenpe.com, Organization: IZENPE S.A., Country: ES",rsa,1024,"['key_identifier', 'authority_key_identifier', 'basic_constraints']",1,certificates/Izenpe.com-105738104617191913066584805998228207437749026474.pem
