{"Uncommon Issuer": [{"version": "v3", "serial": 643737735079251349059814484552445383379674142909, "hashAlgo": "sha256", "issuer": "Common Name: Interesting Root CA, Organization: Interesting Company Ltd, Country: US", "validFrom": "2022-02-28 08:55:54", "validUntil": "2032-02-26 08:55:54", "subject": "Common Name: Interesting Root CA, Organization: Interesting Company Ltd, Country: US", "subjectKeyAlgorithm": "rsa", "subjectKeyBitSize": 4096, "extensions": ["key_identifier", "authority_key_identifier", "basic_constraints"], "cert": 1, "path": "certificates/Interesting-Root-CA-643737735079251349059814484552445383379674142909.pem"}], "Weak Encryption": [{"version": "v3", "serial": 63880105197353413521624658489231510078830328257, "hashAlgo": "md5", "issuer": "Common Name: Izenpe.com, Organization: IZENPE S.A., Country: ES", "validFrom": "2022-02-28 09:01:30", "validUntil": "2032-02-26 09:01:30", "subject": "Common Name: Izenpe.com, Organization: IZENPE S.A., Country: ES", "subjectKeyAlgorithm": "rsa", "subjectKeyBitSize": 4096, "extensions": ["key_identifier", "authority_key_identifier", "basic_constraints"], "cert": 1, "path": "certificates/Izenpe.com-63880105197353413521624658489231510078830328257.pem"}, {"version": "v3", "serial": 105738104617191913066584805998228207437749026474, "hashAlgo": "sha256", "issuer": "Common Name: Izenpe.com, Organization: IZENPE S.A., Country: ES", "validFrom": "2022-02-28 09:01:11", "validUntil": "2032-02-26 09:01:11", "subject": "Common Name: Izenpe.com, Organization: IZENPE S.A., Country: ES", "subjectKeyAlgorithm": "rsa", "subjectKeyBitSize": 1024, "extensions": ["key_identifier", "authority_key_identifier", "basic_constraints"], "cert": 1, "path": "certificates/Izenpe.com-105738104617191913066584805998228207437749026474.pem"}]}