<analysedDownloads><possibleMalware><download><date>2022-02-28 13:21:58</date><downloadPath>/home/cameronw/Downloads/randomFile.777</downloadPath><URL>https://situla.bitbit.net/filebin/891b2124d108793c2b07de1f0258f22adbf2c2f64eee12c2166c91a383790a4e/85c02510e53c941f2e00c9b63ab85dff3ab545d318f9209801b0a5a5294419f3?X-Amz-Algorithm=AWS4-HMAC-SHA256&amp;X-Amz-Credential=HZXB1J7T0UN34UN512IW%2F20220228%2Fus-east-1%2Fs3%2Faws4_request&amp;X-Amz-Date=20220228T132156Z&amp;X-Amz-Expires=30&amp;X-Amz-SignedHeaders=host&amp;response-cache-control=max-age%3D30&amp;response-content-disposition=filename%3D%22randomFile.777%22&amp;response-content-type=application%2Fx-sharedlib&amp;X-Amz-Signature=445950e9282a381625eb0ba39d425929ddfa93d0aa044a108166b0d333088539</URL></download></possibleMalware><.bin><download><date>2022-02-28 13:01:12</date><downloadPath>/home/cameronw/Downloads/randomFile.bin</downloadPath><URL>https://situla.bitbit.net/filebin/3e92a5b00b86042c84a9e20040cddc2e17513d5271ee48aed5b5307901617c72/0683ff33cd9e58906e857e6b0821eea34e3b62343b675a20ca14a2c56d7a25b9?X-Amz-Algorithm=AWS4-HMAC-SHA256&amp;X-Amz-Credential=HZXB1J7T0UN34UN512IW%2F20220228%2Fus-east-1%2Fs3%2Faws4_request&amp;X-Amz-Date=20220228T130110Z&amp;X-Amz-Expires=30&amp;X-Amz-SignedHeaders=host&amp;response-cache-control=max-age%3D30&amp;response-content-disposition=filename%3D%22randomFile.bin%22&amp;response-content-type=application%2Fx-sharedlib&amp;X-Amz-Signature=61400358aeb95d578d954511be997afcf163fae016cf957928bc7276648fea34</URL></download><download><date>2022-02-28 13:01:18</date><downloadPath>/home/cameronw/Downloads/randomFile(1).bin</downloadPath><URL>https://situla.bitbit.net/filebin/3e92a5b00b86042c84a9e20040cddc2e17513d5271ee48aed5b5307901617c72/0683ff33cd9e58906e857e6b0821eea34e3b62343b675a20ca14a2c56d7a25b9?X-Amz-Algorithm=AWS4-HMAC-SHA256&amp;X-Amz-Credential=HZXB1J7T0UN34UN512IW%2F20220228%2Fus-east-1%2Fs3%2Faws4_request&amp;X-Amz-Date=20220228T130116Z&amp;X-Amz-Expires=30&amp;X-Amz-SignedHeaders=host&amp;response-cache-control=max-age%3D30&amp;response-content-disposition=filename%3D%22randomFile.bin%22&amp;response-content-type=application%2Fx-sharedlib&amp;X-Amz-Signature=897b06875ba4c574544956e23c36972916c14ae0aaaa7ff083799b0127592c85</URL></download></.bin><.777><download><date>2022-02-28 13:21:58</date><downloadPath>/home/cameronw/Downloads/randomFile.777</downloadPath><URL>https://situla.bitbit.net/filebin/891b2124d108793c2b07de1f0258f22adbf2c2f64eee12c2166c91a383790a4e/85c02510e53c941f2e00c9b63ab85dff3ab545d318f9209801b0a5a5294419f3?X-Amz-Algorithm=AWS4-HMAC-SHA256&amp;X-Amz-Credential=HZXB1J7T0UN34UN512IW%2F20220228%2Fus-east-1%2Fs3%2Faws4_request&amp;X-Amz-Date=20220228T132156Z&amp;X-Amz-Expires=30&amp;X-Amz-SignedHeaders=host&amp;response-cache-control=max-age%3D30&amp;response-content-disposition=filename%3D%22randomFile.777%22&amp;response-content-type=application%2Fx-sharedlib&amp;X-Amz-Signature=445950e9282a381625eb0ba39d425929ddfa93d0aa044a108166b0d333088539</URL></download></.777><.txt><download><date>2022-02-28 13:22:03</date><downloadPath>/home/cameronw/Downloads/randomFile.txt</downloadPath><URL>https://situla.bitbit.net/filebin/891b2124d108793c2b07de1f0258f22adbf2c2f64eee12c2166c91a383790a4e/1f2e3651ac7a352733518d81e2bbdc6c38cc8ca919a3b92015eb278417cbb9f6?X-Amz-Algorithm=AWS4-HMAC-SHA256&amp;X-Amz-Credential=HZXB1J7T0UN34UN512IW%2F20220228%2Fus-east-1%2Fs3%2Faws4_request&amp;X-Amz-Date=20220228T132200Z&amp;X-Amz-Expires=30&amp;X-Amz-SignedHeaders=host&amp;response-cache-control=max-age%3D30&amp;response-content-disposition=filename%3D%22randomFile.txt%22&amp;response-content-type=application%2Fx-sharedlib&amp;X-Amz-Signature=d8166e829827b60497c356dbf38710e25fccf36e1bade4e07fa3aa0f76d629da</URL></download></.txt><.exe><download><date>2022-02-28 13:22:07</date><downloadPath>/home/cameronw/Downloads/virus(1).exe</downloadPath><URL>https://situla.bitbit.net/filebin/891b2124d108793c2b07de1f0258f22adbf2c2f64eee12c2166c91a383790a4e/9b7a8164db0f917b44abdebc49c1e4d1b7c8bcb70e58e4b34d8cdfd3002114b7?X-Amz-Algorithm=AWS4-HMAC-SHA256&amp;X-Amz-Credential=HZXB1J7T0UN34UN512IW%2F20220228%2Fus-east-1%2Fs3%2Faws4_request&amp;X-Amz-Date=20220228T132204Z&amp;X-Amz-Expires=30&amp;X-Amz-SignedHeaders=host&amp;response-cache-control=max-age%3D30&amp;response-content-disposition=filename%3D%22virus.exe%22&amp;response-content-type=application%2Fx-sharedlib&amp;X-Amz-Signature=92df0a6ff7b0e9cf4c5a213e93157768bbf0ad2e972811c40c91bb64a7ed1e69</URL></download></.exe></analysedDownloads>