<analysedCertificates><uncommonIssuer><certificate><version>v3</version><serial>643737735079251349059814484552445383379674142909</serial><hashAlgo>sha256</hashAlgo><issuer>Common Name: Interesting Root CA, Organization: Interesting Company Ltd, Country: US</issuer><validFrom>2022-02-28 08:55:54</validFrom><validUntil>2032-02-26 08:55:54</validUntil><subject>Common Name: Interesting Root CA, Organization: Interesting Company Ltd, Country: US</subject><subjectKeyAlgorithm>rsa</subjectKeyAlgorithm><subjectKeyBitSize>4096</subjectKeyBitSize><extensions>['key_identifier', 'authority_key_identifier', 'basic_constraints']</extensions><cert>1</cert><path>certificates/Interesting-Root-CA-643737735079251349059814484552445383379674142909.pem</path></certificate></uncommonIssuer><weakEncryption><certificate><version>v3</version><serial>63880105197353413521624658489231510078830328257</serial><hashAlgo>md5</hashAlgo><issuer>Common Name: Izenpe.com, Organization: IZENPE S.A., Country: ES</issuer><validFrom>2022-02-28 09:01:30</validFrom><validUntil>2032-02-26 09:01:30</validUntil><subject>Common Name: Izenpe.com, Organization: IZENPE S.A., Country: ES</subject><subjectKeyAlgorithm>rsa</subjectKeyAlgorithm><subjectKeyBitSize>4096</subjectKeyBitSize><extensions>['key_identifier', 'authority_key_identifier', 'basic_constraints']</extensions><cert>1</cert><path>certificates/Izenpe.com-63880105197353413521624658489231510078830328257.pem</path></certificate><certificate><version>v3</version><serial>105738104617191913066584805998228207437749026474</serial><hashAlgo>sha256</hashAlgo><issuer>Common Name: Izenpe.com, Organization: IZENPE S.A., Country: ES</issuer><validFrom>2022-02-28 09:01:11</validFrom><validUntil>2032-02-26 09:01:11</validUntil><subject>Common Name: Izenpe.com, Organization: IZENPE S.A., Country: ES</subject><subjectKeyAlgorithm>rsa</subjectKeyAlgorithm><subjectKeyBitSize>1024</subjectKeyBitSize><extensions>['key_identifier', 'authority_key_identifier', 'basic_constraints']</extensions><cert>1</cert><path>certificates/Izenpe.com-105738104617191913066584805998228207437749026474.pem</path></certificate></weakEncryption></analysedCertificates>