<analysedFormHistory><pII><formfield><name>user</name><value>randomUser</value><useCount>1</useCount></formfield><formfield><name>pass</name><value>randomPass</value><useCount>1</useCount></formfield><formfield><name>login</name><value>randomLogin</value><useCount>1</useCount></formfield><formfield><name>name</name><value>randomName</value><useCount>1</useCount></formfield><formfield><name>phone</name><value>randomPhone</value><useCount>1</useCount></formfield><formfield><name>email</name><value>randomEmail</value><useCount>1</useCount></formfield><formfield><name>address</name><value>randomAddress</value><useCount>1</useCount></formfield></pII><mostCommon><formfield><name>MU-1</name><value>V1</value><useCount>20</useCount></formfield><formfield><name>MU-2</name><value>V2</value><useCount>18</useCount></formfield><formfield><name>MU-3</name><value>V3</value><useCount>16</useCount></formfield><formfield><name>MU-4</name><value>V4</value><useCount>14</useCount></formfield><formfield><name>MU-5</name><value>V5</value><useCount>12</useCount></formfield><formfield><name>MU-6</name><value>V6</value><useCount>10</useCount></formfield><formfield><name>MU-7</name><value>V7</value><useCount>8</useCount></formfield><formfield><name>MU-8</name><value>V8</value><useCount>6</useCount></formfield><formfield><name>MU-9</name><value>V9</value><useCount>4</useCount></formfield><formfield><name>MU-10</name><value>V10</value><useCount>2</useCount></formfield></mostCommon></analysedFormHistory>