{"Base64": [{"host": "fake.com/", "name": "base64Cookie", "value": "dGVzdGluZw==", "expiry": "2022-08-14 15:04:25", "lastAccessed": "2022-02-27 10:14:27", "creationTime": "2021-07-20 15:04:25", "secure": true, "httpOnly": true, "sameSite": true}], "Hexadecimal": [{"host": "fake.com/", "name": "hexCookie", "value": "74657374696e67", "expiry": "2022-08-14 15:04:25", "lastAccessed": "2022-02-27 10:14:27", "creationTime": "2021-07-20 15:04:25", "secure": true, "httpOnly": true, "sameSite": true}], "GA Cookie": [{"host": "fake.com/", "name": "_ga", "value": "GA.1.2.12345678.12345678", "expiry": "2022-08-14 15:04:25", "lastAccessed": "2022-02-27 10:14:27", "creationTime": "2021-07-20 15:04:25", "secure": true, "httpOnly": true, "sameSite": true}]}