reason,query,useFrequency
Most Common,filebin,1
Most Common,linkedin,1
Most Common,random,1
