{"Non Mozilla Install": [{"name": "NMI", "version": "0.1.4", "URL": "https://randomsite.org/random.xpi", "storeURL": "https://addons.mozilla.org/en-US/firefox/addon/screen-recorder/", "downloads": 4366, "screenshots": ["https://addons.mozilla.org/user-media/previews/full/random.png"], "rating": 3.5455}], "Low User Ratings": [{"name": "LDR", "version": "0.1.4", "URL": "https://addons.mozilla.org/firefox/downloads/file/random.xpi", "storeURL": "https://addons.mozilla.org/en-US/firefox/addon/screen-recorder/", "downloads": 10, "screenshots": ["https://addons.mozilla.org/user-media/previews/full/random.png"], "rating": 3.5455}, {"name": "LUR", "version": "0.1.4", "URL": "https://addons.mozilla.org/firefox/downloads/file/random.xpi", "storeURL": "https://addons.mozilla.org/en-US/firefox/addon/screen-recorder/", "downloads": 4366, "screenshots": ["https://addons.mozilla.org/user-media/previews/full/random.png"], "rating": 1.5455}], "Out Of Date": [{"name": "OOD", "version": "0.1.2", "URL": "https://addons.mozilla.org/firefox/downloads/file/random.xpi", "storeURL": "https://addons.mozilla.org/en-US/firefox/addon/screen-recorder/", "downloads": 4366, "screenshots": ["https://addons.mozilla.org/user-media/previews/full/random.png"], "rating": 3.5455}]}