{"Non Mozilla Install": [{"name": "NMI", "URL": "https://random.com/random.xpi", "permissions": ["webRequest", "webRequestBlocking"]}], "Interesting Permissions": [{"name": "PRM", "URL": "https://addons.mozilla.org/firefox/downloads/file/random/random.xpi", "permissions": ["webRequest", "downloads", "downloads.open", "background", "cookies"]}]}