[{"dateAdded": "2022-02-27 18:17:33", "URL": "https://status.garudalinux.org/", "title": "Uptimes", "active": false}, {"dateAdded": "2022-02-28 12:57:51", "URL": "https://support.mozilla.org/en-US/products/firefox", "title": null, "active": true}, {"dateAdded": "2022-02-28 12:57:51", "URL": "https://support.mozilla.org/en-US/kb/customize-firefox-controls-buttons-and-toolbars?utm_source=firefox-browser&utm_medium=default-bookmarks&utm_campaign=customize", "title": null, "active": true}, {"dateAdded": "2022-02-28 12:57:51", "URL": "https://www.mozilla.org/en-US/contribute/", "title": null, "active": true}, {"dateAdded": "2022-02-28 12:57:51", "URL": "https://www.mozilla.org/en-US/about/", "title": null, "active": true}, {"dateAdded": "2022-02-28 12:57:51", "URL": "https://www.mozilla.org/en-US/firefox/central/", "title": null, "active": true}, {"dateAdded": "2022-02-28 12:57:51", "URL": "https://garudalinux.org/", "title": null, "active": true}, {"dateAdded": "2022-02-28 12:57:51", "URL": "https://forum.garudalinux.org/", "title": null, "active": true}, {"dateAdded": "2022-02-28 12:57:51", "URL": "https://wiki.garudalinux.org/", "title": null, "active": true}, {"dateAdded": "2022-02-28 12:57:51", "URL": "https://garudalinux.org/downloads.html", "title": null, "active": true}, {"dateAdded": "2022-02-28 12:57:51", "URL": "https://distrowatch.com/table.php?distribution=garuda", "title": null, "active": true}, {"dateAdded": "2022-02-28 12:57:51", "URL": "https://start.garudalinux.org/", "title": "Garuda Linux | Startpage", "active": true}, {"dateAdded": "2022-02-28 12:57:51", "URL": "https://garudalinux.org/", "title": null, "active": true}, {"dateAdded": "2022-02-28 12:57:51", "URL": "https://forum.garudalinux.org/", "title": null, "active": true}, {"dateAdded": "2022-02-28 12:57:51", "URL": "https://wiki.garudalinux.org/", "title": null, "active": true}, {"dateAdded": "2022-02-28 12:58:20", "URL": "https://checkboxrace.com/", "title": "Checkbox Race!", "active": true}]