<bookmarks><bookmark><dateAdded>2022-02-27 18:17:33</dateAdded><URL>https://status.garudalinux.org/</URL><title>Uptimes</title><active>False</active></bookmark><bookmark><dateAdded>2022-02-28 12:57:51</dateAdded><URL>https://support.mozilla.org/en-US/products/firefox</URL><title>None</title><active>True</active></bookmark><bookmark><dateAdded>2022-02-28 12:57:51</dateAdded><URL>https://support.mozilla.org/en-US/kb/customize-firefox-controls-buttons-and-toolbars?utm_source=firefox-browser&amp;utm_medium=default-bookmarks&amp;utm_campaign=customize</URL><title>None</title><active>True</active></bookmark><bookmark><dateAdded>2022-02-28 12:57:51</dateAdded><URL>https://www.mozilla.org/en-US/contribute/</URL><title>None</title><active>True</active></bookmark><bookmark><dateAdded>2022-02-28 12:57:51</dateAdded><URL>https://www.mozilla.org/en-US/about/</URL><title>None</title><active>True</active></bookmark><bookmark><dateAdded>2022-02-28 12:57:51</dateAdded><URL>https://www.mozilla.org/en-US/firefox/central/</URL><title>None</title><active>True</active></bookmark><bookmark><dateAdded>2022-02-28 12:57:51</dateAdded><URL>https://garudalinux.org/</URL><title>None</title><active>True</active></bookmark><bookmark><dateAdded>2022-02-28 12:57:51</dateAdded><URL>https://forum.garudalinux.org/</URL><title>None</title><active>True</active></bookmark><bookmark><dateAdded>2022-02-28 12:57:51</dateAdded><URL>https://wiki.garudalinux.org/</URL><title>None</title><active>True</active></bookmark><bookmark><dateAdded>2022-02-28 12:57:51</dateAdded><URL>https://garudalinux.org/downloads.html</URL><title>None</title><active>True</active></bookmark><bookmark><dateAdded>2022-02-28 12:57:51</dateAdded><URL>https://distrowatch.com/table.php?distribution=garuda</URL><title>None</title><active>True</active></bookmark><bookmark><dateAdded>2022-02-28 12:57:51</dateAdded><URL>https://start.garudalinux.org/</URL><title>Garuda Linux | Startpage</title><active>True</active></bookmark><bookmark><dateAdded>2022-02-28 12:57:51</dateAdded><URL>https://garudalinux.org/</URL><title>None</title><active>True</active></bookmark><bookmark><dateAdded>2022-02-28 12:57:51</dateAdded><URL>https://forum.garudalinux.org/</URL><title>None</title><active>True</active></bookmark><bookmark><dateAdded>2022-02-28 12:57:51</dateAdded><URL>https://wiki.garudalinux.org/</URL><title>None</title><active>True</active></bookmark><bookmark><dateAdded>2022-02-28 12:58:20</dateAdded><URL>https://checkboxrace.com/</URL><title>Checkbox Race!</title><active>True</active></bookmark></bookmarks>