[{"date": "2022-02-28 12:57:51", "URL": "https://www.mozilla.org/privacy/firefox/", "title": null, "visitType": 1, "visitCount": 1}, {"date": "2022-02-28 12:57:51", "URL": "https://www.mozilla.org/en-US/privacy/firefox/", "title": "Firefox Privacy Notice \u2014 Mozilla", "visitType": 5, "visitCount": 1}, {"date": "2022-02-28 12:58:18", "URL": "http://checkboxrace.com/", "title": null, "visitType": 2, "visitCount": 1}, {"date": "2022-02-28 12:58:19", "URL": "https://checkboxrace.com/", "title": "Checkbox Race!", "visitType": 5, "visitCount": 1}, {"date": "2022-02-28 12:59:03", "URL": "http://pinetools.com/random-file-generator", "title": null, "visitType": 2, "visitCount": 1}, {"date": "2022-02-28 13:44:36", "URL": "https://pinetools.com/random-file-generator", "title": "Online Random file generator", "visitType": 5, "visitCount": 2}, {"date": "2022-02-28 13:00:22", "URL": "https://www.google.com/search?channel=crow5&client=firefox-b-d&q=filebin", "title": "filebin - Google Search", "visitType": 2, "visitCount": 1}, {"date": "2022-02-28 13:21:30", "URL": "https://filebin.net/", "title": "Filebin", "visitType": 1, "visitCount": 2}, {"date": "2022-02-28 13:01:09", "URL": "https://filebin.net/tdfumc0q2592odth", "title": "Filebin | tdfumc0q2592odth", "visitType": 1, "visitCount": 1}, {"date": "2022-02-28 13:01:16", "URL": "https://filebin.net/tdfumc0q2592odth/randomFile.bin", "title": null, "visitType": 1, "visitCount": 2}, {"date": "2022-02-28 13:01:12", "URL": "https://situla.bitbit.net/filebin/3e92a5b00b86042c84a9e20040cddc2e17513d5271ee48aed5b5307901617c72/0683ff33cd9e58906e857e6b0821eea34e3b62343b675a20ca14a2c56d7a25b9?X-Amz-Algorithm=AWS4-HMAC-SHA256&X-Amz-Credential=HZXB1J7T0UN34UN512IW%2F20220228%2Fus-east-1%2Fs3%2Faws4_request&X-Amz-Date=20220228T130110Z&X-Amz-Expires=30&X-Amz-SignedHeaders=host&response-cache-control=max-age%3D30&response-content-disposition=filename%3D%22randomFile.bin%22&response-content-type=application%2Fx-sharedlib&X-Amz-Signature=61400358aeb95d578d954511be997afcf163fae016cf957928bc7276648fea34", "title": "randomFile.bin", "visitType": 7, "visitCount": 0}, {"date": "2022-02-28 13:01:16", "URL": "https://filebin.net/tdfumc0q2592odth/randomFile.bin", "title": null, "visitType": 1, "visitCount": 2}, {"date": "2022-02-28 13:01:18", "URL": "https://situla.bitbit.net/filebin/3e92a5b00b86042c84a9e20040cddc2e17513d5271ee48aed5b5307901617c72/0683ff33cd9e58906e857e6b0821eea34e3b62343b675a20ca14a2c56d7a25b9?X-Amz-Algorithm=AWS4-HMAC-SHA256&X-Amz-Credential=HZXB1J7T0UN34UN512IW%2F20220228%2Fus-east-1%2Fs3%2Faws4_request&X-Amz-Date=20220228T130116Z&X-Amz-Expires=30&X-Amz-SignedHeaders=host&response-cache-control=max-age%3D30&response-content-disposition=filename%3D%22randomFile.bin%22&response-content-type=application%2Fx-sharedlib&X-Amz-Signature=897b06875ba4c574544956e23c36972916c14ae0aaaa7ff083799b0127592c85", "title": "randomFile(1).bin", "visitType": 7, "visitCount": 0}, {"date": "2022-02-28 13:43:11", "URL": "https://www.google.com/", "title": "Google", "visitType": 2, "visitCount": 2}, {"date": "2022-02-28 13:01:36", "URL": "https://www.google.com/search?q=randomsEARCH&source=hp&ei=q8ccYoTlDuaEhbIPmau3wA8&iflsig=AHkkrS4AAAAAYhzVu7FpZog1zwHwVs7r6G0Z-jOFu1x4&ved=0ahUKEwjE5tKtuqL2AhVmQkEAHZnVDfgQ4dUDCAg&uact=5&oq=randomsEARCH&gs_lcp=Cgdnd3Mtd2l6EAMyBQgAEIAEMgcIABCABBAKMgcIABCABBAKMgUIABCABDIFCAAQgAQyBQgAEIAEMgUIABCABDIFCAAQgAQyBQgAEIAEMgUIABCABDoOCAAQjwEQ6gIQjAMQ5QI6DgguEI8BEOoCEIwDEOUCOhEILhCPARDUAhDqAhCMAxDlAjoRCC4QgAQQsQMQgwEQxwEQ0QM6CwguEIAEELEDEIMBOgsIABCABBCxAxCDAToICC4QsQMQgwE6CAgAEIAEELEDOg4ILhCxAxCDARDHARDRAzoICAAQsQMQgwE6DgguEIAEELEDEMcBEKMCOgsILhCABBDHARDRAzoOCC4QgAQQsQMQxwEQ0QM6DQguEIAEEMcBEK8BEAo6BwgAELEDEAo6BAgAEApQlwFYgA5gww9oAXAAeACAAWGIAeoFkgECMTKYAQCgAQGwAQo&sclient=gws-wiz", "title": "randomsEARCH - Google Search", "visitType": 1, "visitCount": 1}, {"date": "2022-02-28 13:01:39", "URL": "https://www.google.com/search?q=aaa&ei=sMccYrSBGtOZgQblhLaoDg&ved=0ahUKEwi0mY-wuqL2AhXTTMAKHWWCDeUQ4dUDCA0&uact=5&oq=aaa&gs_lcp=Cgdnd3Mtd2l6EAMyCwgAELEDEIMBEJECMgcIABCxAxBDMgQIABBDMggIABCABBCxAzIOCAAQgAQQsQMQgwEQyQMyCAgAEIAEELEDMgsIABCABBCxAxCDATIFCAAQgAQyCAgAEIAEELEDMggIABCABBCxAzoHCAAQRxCwAzoHCAAQsAMQQzoKCAAQ5AIQsAMYADoPCC4Q1AIQyAMQsAMQQxgBOgwILhDIAxCwAxBDGAE6EAguELEDEIMBEMcBENEDEEM6BAguEEM6DgguEIAEELEDEMcBEKMCOg4ILhCABBCxAxDHARDRAzoRCC4QgAQQsQMQgwEQxwEQ0QM6EQguEIAEELEDEMcBEKMCENQCOgsILhCABBCxAxCDAToFCAAQkQI6CwguELEDEIMBEJECOgoIABCxAxCDARBDSgQIQRgASgUIQBIBMUoECEYYAVDeBljBCmDoC2gBcAF4AIABZIgBgAKSAQMyLjGYAQCgAQHIARLAAQHaAQYIABABGAnaAQYIARABGAg&sclient=gws-wiz", "title": "aaa - Google Search", "visitType": 1, "visitCount": 1}, {"date": "2022-02-28 13:01:41", "URL": "https://www.google.com/search?q=bbb&ei=s8ccYtnlBoTD8gKIp7SgBg&ved=0ahUKEwiZi7OxuqL2AhWEoVwKHYgTDWQQ4dUDCA0&uact=5&oq=bbb&gs_lcp=Cgdnd3Mtd2l6EAMyBAgAEEMyEwguELEDEIMBEMcBENEDENQCEEMyCggAELEDEIMBEEMyCwguEIAEEMcBEKMCMgoIABCxAxCDARAKMgoIABCxAxCDARBDMgcIABDJAxBDMgUIABCSAzIFCAAQkgMyBwguENQCEEM6BQgAEJECOhQILhCABBCxAxCDARDHARDRAxDUAjoLCAAQgAQQsQMQgwE6EQguEIAEELEDEIMBEMcBEKMCOgUIABCABDoOCC4QsQMQgwEQxwEQowI6DgguEIAEEMcBENEDENQCOhEILhCABBCxAxCDARDHARDRAzoLCC4QgAQQsQMQgwFKBAhBGABKBAhGGABQbljyAWCxB2gAcAF4AIABYYgB5gGSAQEzmAEAoAEBwAEB&sclient=gws-wiz", "title": "bbb - Google Search", "visitType": 1, "visitCount": 1}, {"date": "2022-02-28 13:01:43", "URL": "https://www.google.com/search?q=ccc&ei=tcccYpv1DJmigAa3wa_ADA&ved=0ahUKEwjbo7OyuqL2AhUZEcAKHbfgC8gQ4dUDCA0&uact=5&oq=ccc&gs_lcp=Cgdnd3Mtd2l6EAMyCwgAEIAEELEDEIMBMhEILhCABBCxAxDHARCjAhDUAjIOCC4QgAQQsQMQgwEQ1AIyCwgAEIAEELEDEIMBMggILhCABBCxAzIFCAAQgAQyBQgAEIAEMgsIABCABBCxAxCDATIFCAAQgAQyCwgAEIAEELEDEIMBOgQIABBHOg4ILhCABBCxAxDHARCjAjoLCC4QgAQQsQMQgwE6BAgAEEM6CAguELEDEIMBOgsILhCABBDHARCjAjoICAAQsQMQgwE6BwgAELEDEEM6CwguEIAEEMcBEK8BOg4ILhCABBCxAxDHARDRAzoICAAQgAQQsQNKBAhBGABKBAhGGABQ3wJYkwVg9AZoAHACeACAAWWIAf0BkgEDMi4xmAEAoAEByAEIwAEB&sclient=gws-wiz", "title": "ccc - Google Search", "visitType": 1, "visitCount": 1}, {"date": "2022-02-28 13:01:44", "URL": "https://www.google.com/search?q=ddd&ei=tsccYvOyO9GegQbo47_YBg&ved=0ahUKEwjz5Z6zuqL2AhVRT8AKHejxD2sQ4dUDCA0&uact=5&oq=ddd&gs_lcp=Cgdnd3Mtd2l6EAMyBwguELEDEEMyBwgAELEDEEMyCwgAEIAEELEDEIMBMgUIABCABDIECAAQQzIFCAAQgAQyBwgAEIAEEAoyBQgAEIAEMgUIABCABDIFCAAQgAQ6BAgAEEc6BQgAEJECOggILhDUAhCRAjoOCC4QgAQQsQMQxwEQowI6CAgAEIAEELEDOg4ILhCABBCxAxDHARDRAzoICC4QgAQQ1AI6BwguENQCEEM6CgguELEDENQCEEM6BAguEEM6CAgAELEDEIMBSgQIQRgASgQIRhgAUOUBWKMEYPEFaABwAngAgAFyiAGOApIBAzIuMZgBAKABAcgBCMABAQ&sclient=gws-wiz", "title": "ddd - Google Search", "visitType": 1, "visitCount": 1}, {"date": "2022-02-28 13:01:46", "URL": "https://www.google.com/search?q=eee&ei=uMccYqunJZqChbIPrNqW4AE&ved=0ahUKEwir44K0uqL2AhUaQUEAHSytBRwQ4dUDCA0&uact=5&oq=eee&gs_lcp=Cgdnd3Mtd2l6EAMyCgguELEDENQCEEMyBwguELEDEEMyBQgAEIAEMgsIABCABBCxAxCDATIFCAAQgAQyBQgAEIAEMgUIABCABDIICC4QgAQQ1AIyBQgAEIAEMgsILhCABBDHARCvAToECAAQRzoHCC4Q1AIQQzoRCC4QgAQQsQMQgwEQxwEQ0QM6DgguEIAEELEDEMcBENEDOgsILhCABBCxAxCDAToOCC4QgAQQsQMQgwEQ1AI6BAguEEM6CwguEIAEELEDENQCOg0ILhCxAxDHARCjAhBDOggIABCABBCxA0oECEEYAEoECEYYAFCNBFirBmDgB2gAcAJ4AIABuwGIAb0CkgEDMi4xmAEAoAEByAEIwAEB&sclient=gws-wiz", "title": "eee - Google Search", "visitType": 1, "visitCount": 1}, {"date": "2022-02-28 13:01:48", "URL": "https://www.google.com/search?q=fff&ei=usccYtWBF9P2gQas2LW4BA&ved=0ahUKEwjVxu60uqL2AhVTe8AKHSxsDUcQ4dUDCA0&uact=5&oq=fff&gs_lcp=Cgdnd3Mtd2l6EAMyBAgAEEMyBwguELEDEEMyCwguEIAEELEDENQCMgcIABCABBAKMgcIABCABBAKMggIABCABBCxAzIHCAAQgAQQCjILCC4QgAQQxwEQrwEyBQgAEIAEMgUIABCABDoRCC4QgAQQsQMQgwEQxwEQ0QM6CwgAEIAEELEDEIMBOggILhCABBCxAzoLCC4QsQMQgwEQ1AI6BwguENQCEEM6BAguEENKBAhBGABKBAhGGABQAFiJAmC4A2gAcAF4AIAB0gGIAekCkgEFMi4wLjGYAQCgAQHAAQE&sclient=gws-wiz", "title": "fff - Google Search", "visitType": 1, "visitCount": 1}, {"date": "2022-02-28 13:01:49", "URL": "https://www.google.com/search?q=ggg&ei=vMccYtmfB9L1gQaFq7i4BQ&ved=0ahUKEwjZ7di1uqL2AhXSesAKHYUVDlcQ4dUDCA0&uact=5&oq=ggg&gs_lcp=Cgdnd3Mtd2l6EAMyBwguELEDEEMyBwguELEDEEMyBQgAEIAEMgUIABCABDIHCAAQsQMQQzIICAAQgAQQsQMyCAgAEIAEELEDMgUIABCABDILCAAQgAQQsQMQgwEyBQgAEIAEOgQIABBHOhAILhCxAxCDARDHARDRAxBDOgQILhBDOgoIABCxAxCDARBDOgQIABBDOgoILhDHARDRAxBDOggILhCABBCxA0oECEEYAEoECEYYAFDyA1iTBmCwB2gAcAJ4AIABVYgB2wGSAQEzmAEAoAEByAEIwAEB&sclient=gws-wiz", "title": "ggg - Google Search", "visitType": 1, "visitCount": 1}, {"date": "2022-02-28 13:01:52", "URL": "https://www.google.com/search?q=hhh&ei=vcccYsPnMpPWgQa7vreABA&ved=0ahUKEwiDusG2uqL2AhUTa8AKHTvfDUAQ4dUDCA0&uact=5&oq=hhh&gs_lcp=Cgdnd3Mtd2l6EAMyBwguELEDEEMyCgguELEDENQCEEMyCgguELEDENQCEEMyBQgAEIAEMgQIABBDMgUIABCABDIFCAAQgAQyBQgAEIAEMgcIABCxAxBDMgQIABBDOgQIABBHOgQILhBDOgcILhDUAhBDOgsIABCABBCxAxCDAToICC4QsQMQgwE6DgguEIAEELEDEMcBEKMCOhQILhCABBCxAxCDARDHARCjAhDUAjoNCC4QsQMQgwEQ1AIQQ0oECEEYAEoECEYYAFCOCFi8CmDBDmgAcAJ4AIABU4gB7wGSAQEzmAEAoAEByAEIwAEB&sclient=gws-wiz", "title": "hhh - Google Search", "visitType": 1, "visitCount": 1}, {"date": "2022-02-28 13:01:55", "URL": "https://www.google.com/search?q=iii&ei=wMccYsfbI9HBgQaTxo7oCw&ved=0ahUKEwjHu-m3uqL2AhXRYMAKHROjA70Q4dUDCA0&uact=5&oq=iii&gs_lcp=Cgdnd3Mtd2l6EAMyBwguENQCEEMyBwgAELEDEEMyDgguEIAEELEDEIMBENQCMgsIABCABBCxAxCDATIICAAQgAQQsQMyCAguELEDEIMBMgUIABCABDIICAAQgAQQsQMyCwgAEIAEELEDEIMBMhAILhCxAxDHARDRAxDUAhBDOgcIABBHELADOgcIABCwAxBDOgcILhCwAxBDOgoIABDkAhCwAxgAOgwILhDIAxCwAxBDGAE6CAgAELEDEIMBOg4ILhCABBCxAxDHARCjAjoFCC4QgAQ6EQguEIAEELEDEMcBENEDENQCSgQIQRgASgQIRhgBUPcGWJMJYLkKaAFwAXgAgAFKiAGQAZIBATKYAQCgAQHIARLAAQHaAQYIABABGAnaAQYIARABGAg&sclient=gws-wiz", "title": "iii - Google Search", "visitType": 1, "visitCount": 1}, {"date": "2022-02-28 13:01:57", "URL": "https://www.google.com/search?q=jjj&ei=w8ccYrfRCYaQ8gKCnb_4Bg&ved=0ahUKEwj3voa5uqL2AhUGiFwKHYLOD28Q4dUDCA0&uact=5&oq=jjj&gs_lcp=Cgdnd3Mtd2l6EAMyCgguELEDENQCEEMyBwgAELEDEEMyCAgAEIAEELEDMgsIABCABBCxAxCDATIFCAAQgAQyCwgAEIAEELEDEIMBMgUIABCABDIFCAAQgAQyCwguEIAEEMcBEK8BMgUIABCABDoECAAQRzoECAAQQzoECC4QQzoOCC4QgAQQsQMQxwEQowI6EQguEIAEELEDEIMBEMcBENEDOggILhCxAxCDAToHCC4QsQMQQzoOCC4QgAQQsQMQxwEQ0QNKBAhBGABKBAhGGABQ_gRYjgdgjwhoAHACeACAAWiIAYwCkgEDMi4xmAEAoAEByAEIwAEB&sclient=gws-wiz", "title": "jjj - Google Search", "visitType": 1, "visitCount": 1}, {"date": "2022-02-28 13:02:00", "URL": "https://www.google.com/search?q=kkk&ei=xMccYsnvOsjhgAaau4rYBw&ved=0ahUKEwjJ4fS5uqL2AhXIMMAKHZqdAnsQ4dUDCA0&uact=5&oq=kkk&gs_lcp=Cgdnd3Mtd2l6EAMyBwguELEDEEMyCgguEMcBENEDEEMyCAguEIAEENQCMgUILhCABDIFCAAQgAQyCggAELEDEMcDEEMyBQgAEIAEMgsILhCABBDHARDRAzIICC4QgAQQ1AIyBQgAEIAEOgQIABBHOgcILhDUAhBDOg4ILhCABBCxAxCDARDUAjoRCC4QgAQQsQMQgwEQxwEQowI6CAgAEIAEELEDOg4ILhCABBCxAxDHARDRAzoICAAQsQMQgwE6CwguEIAEELEDEIMBOgQILhBDOgQIABBDOhAILhCxAxCDARDHARCjAhAKOg0ILhCxAxDHARDRAxAKOgoIABCxAxCDARAKOgsIABCABBCxAxCDAToNCC4Q1AIQ6gIQtAIQQzoKCC4Q6gIQtAIQQzoKCAAQ6gIQtAIQQzoICC4QgAQQsQM6CAguELEDEIMBOgoILhCxAxDUAhBDOgYIABAKEEM6EQguEIAEELEDEMcBENEDENQCSgQIQRgASgQIRhgAUM4FWKQTYLsUaAJwAngBgAH4AYgBogWSAQU1LjEuMZgBAKABAbABCsgBCMABAQ&sclient=gws-wiz", "title": "kkk - Google Search", "visitType": 1, "visitCount": 1}, {"date": "2022-02-28 13:02:02", "URL": "https://www.google.com/search?q=lll&ei=yMccYpbmLMihgQbu-IfgDA&ved=0ahUKEwiW6tq7uqL2AhXIUMAKHW78AcwQ4dUDCA0&uact=5&oq=lll&gs_lcp=Cgdnd3Mtd2l6EAMyBwguENQCEEMyBAgAEEMyBAguEEMyBwguENQCEEMyBwguENQCEEMyEAguELEDEIMBEMcBEKMCEAoyBQgAEIAEMg0ILhCxAxDHARDRAxAKMgoIABCxAxCDARAKMgUIABCABDoOCC4QgAQQsQMQgwEQ1AI6EQguEIAEELEDEIMBEMcBEKMCOggIABCABBCxAzoOCC4QgAQQsQMQxwEQ0QM6CAgAELEDEIMBOgsILhCABBCxAxCDAToLCAAQgAQQsQMQgwE6DgguEIAEELEDEMcBEKMCSgQIQRgBSgQIRhgAUJoEWKoGYIgIaABwAHgAgAFRiAGsApIBATSYAQCgAQHAAQE&sclient=gws-wiz", "title": "lll - Google Search", "visitType": 1, "visitCount": 1}, {"date": "2022-02-28 13:02:04", "URL": "https://www.google.com/search?q=mmm&ei=ysccYpPhHci_gQbNp77QDw&ved=0ahUKEwiT7sW8uqL2AhXIX8AKHc2TD_oQ4dUDCA0&uact=5&oq=mmm&gs_lcp=Cgdnd3Mtd2l6EAMyCgguELEDENQCEEMyCgguELEDENQCEEMyCgguELEDENQCEEMyCwguEIAEELEDENQCMgoILhCxAxDUAhBDMggIABCABBCxAzIICAAQgAQQsQMyCwgAEIAEELEDEIMBMggILhCABBDUAjIFCAAQgAQ6BwgAEEcQsAM6BwgAELADEEM6DAguEMgDELADEEMYADoPCC4Q1AIQyAMQsAMQQxgAOhIILhDHARCjAhDIAxCwAxBDGAA6BAgAEEM6CAgAELEDEIMBOg4ILhCABBCxAxDHARCjAjoICC4QsQMQgwE6CAguEIAEELEDOgcILhDUAhBDOgcIABCxAxBDOg4ILhCABBCxAxDHARDRA0oECEEYAEoECEYYAVDNBFjNBmD3B2gBcAF4AIABT4gB3QGSAQEzmAEAoAEByAEUwAEB2gEGCAAQARgI&sclient=gws-wiz", "title": "mmm - Google Search", "visitType": 1, "visitCount": 1}, {"date": "2022-02-28 13:02:06", "URL": "https://www.google.com/search?q=nnnn&ei=zMccYsjqFomV8gLaxL-oDQ&ved=0ahUKEwjIgLm9uqL2AhWJilwKHVriD9UQ4dUDCA0&uact=5&oq=nnnn&gs_lcp=Cgdnd3Mtd2l6EAMyDAgAELEDEEMQRhD6ATIKCAAQsQMQgwEQCjIFCAAQgAQyBQgAEIAEMgUILhCABDIFCAAQgAQyBAgAEAoyBAgAEAoyBQgAEIAEMgUIABCABDoECAAQRzoECAAQQzoLCAAQgAQQsQMQgwE6EQguEIAEELEDEIMBEMcBEKMCOg4ILhCABBCxAxDHARDRAzoOCC4QgAQQsQMQxwEQowI6DgguELEDEIMBEMcBENEDOgsILhCABBDHARCjAjoNCC4QsQMQxwEQ0QMQQzoHCAAQsQMQQzoLCC4QgAQQsQMQ1AI6CAgAEIAEELEDSgQIQRgASgQIRhgAUP8BWMIFYIMHaABwAngAgAFMiAGeApIBATSYAQCgAQHIAQjAAQE&sclient=gws-wiz", "title": "nnnn - Google Search", "visitType": 1, "visitCount": 1}, {"date": "2022-02-28 13:02:08", "URL": "https://www.google.com/search?q=oooo&ei=zsccYt23EKPF8gL8z4eICg&ved=0ahUKEwjd1qy-uqL2AhWjolwKHfznAaEQ4dUDCA0&uact=5&oq=oooo&gs_lcp=Cgdnd3Mtd2l6EAMyBwguELEDEEMyBQgAEIAEMgUIABCABDIFCC4QgAQyBQgAEIAEMgUIABCABDIFCAAQgAQyBQgAEIAEMgUIABCABDIFCAAQgAQ6BAgAEEc6CwgAELEDEIMBEJECOgsIABCABBCxAxCDAToOCC4QgAQQxwEQowIQ1AI6CAgAEIAEELEDOgcILhDUAhBDOg4ILhCABBCxAxDHARDRAzoHCAAQgAQQCjoHCAAQsQMQCkoECEEYAEoECEYYAFCMB1iPCmD3CmgAcAJ4AIABXogBywKSAQE0mAEAoAEByAEIwAEB&sclient=gws-wiz", "title": "oooo - Google Search", "visitType": 1, "visitCount": 1}, {"date": "2022-02-28 13:02:10", "URL": "https://www.google.com/search?q=pppp&ei=0MccYv3gH_qChbIPqseK2AQ&ved=0ahUKEwj9iLa_uqL2AhV6QUEAHaqjAksQ4dUDCA0&uact=5&oq=pppp&gs_lcp=Cgdnd3Mtd2l6EAMyCgguELEDENQCEEMyBQgAEIAEMgUIABCABDIFCAAQgAQyBQgAEIAEMgUIABCABDIHCAAQgAQQCjIFCAAQgAQyBQgAEIAEMgcIABCABBAKOgQIABBHOgQIABBDOgcILhDUAhBDOgsILhCABBCxAxCDAToLCAAQgAQQsQMQgwE6CAguELEDEIMBOggIABCABBCxAzoHCAAQsQMQQzoLCC4QgAQQsQMQ1AI6DgguEIAEELEDEMcBEK8BSgQIQRgASgQIRhgAUO4CWNYGYOYJaABwAngAgAFYiAGmApIBATSYAQCgAQHIAQjAAQE&sclient=gws-wiz", "title": "pppp - Google Search", "visitType": 1, "visitCount": 1}, {"date": "2022-02-28 13:02:12", "URL": "https://www.google.com/search?q=qqqq&ei=0sccYsKONIOM8gLx9a0o&ved=0ahUKEwjCv8TAuqL2AhUDhlwKHfF6CwUQ4dUDCA0&uact=5&oq=qqqq&gs_lcp=Cgdnd3Mtd2l6EAMyBwgAELEDEEMyBQgAEIAEMgUIABCABDIFCAAQgAQyBQgAEIAEMgUIABCABDILCC4QgAQQxwEQrwEyBQgAEIAEMgUIABCABDIFCAAQgAQ6BAgAEEc6BQgAEJECOgoIABCxAxCDARAKOgsILhCABBCxAxDUAjoRCC4QgAQQsQMQgwEQxwEQ0QM6CwguEIAEEMcBENEDOgUIABCxAzoICAAQgAQQsQM6CwgAEIAEELEDEIMBSgQIQRgASgQIRhgAUNgDWJYHYK8IaABwAngAgAFxiAHCApIBAzMuMZgBAKABAcgBCMABAQ&sclient=gws-wiz", "title": "qqqq - Google Search", "visitType": 1, "visitCount": 1}, {"date": "2022-02-28 13:02:15", "URL": "https://www.google.com/search?q=rrrr&ei=1MccYp2DM4HB8gLf1rn4CQ&ved=0ahUKEwidvb3BuqL2AhWBoFwKHV9rDp8Q4dUDCA0&uact=5&oq=rrrr&gs_lcp=Cgdnd3Mtd2l6EAMyBQgAEJECMgUIABCRAjILCC4QgAQQsQMQ1AIyBwguELEDEEMyCwguEIAEELEDENQCMgUIABCABDIFCAAQgAQyBQgAEIAEMgQIABAKMgUIABCABDoHCAAQRxCwAzoHCAAQsAMQQzoKCAAQ5AIQsAMYADoPCC4Q1AIQyAMQsAMQQxgBOhUILhDHARCjAhDUAhDIAxCwAxBDGAE6DAguEMgDELADEEMYAToICAAQsQMQgwE6EQguEIAEELEDEIMBEMcBENEDOgsILhCABBCxAxCDAToLCAAQgAQQsQMQgwE6CwguEIAEEMcBENEDOggILhCxAxCDAToICAAQgAQQsQM6CwguEIAEEMcBEK8BOggILhCxAxCRAjoECAAQA0oECEEYAEoECEYYAVCNA1jSBmD3B2gBcAF4AIABXYgBwAKSAQE0mAEAoAEByAETwAEB2gEGCAAQARgJ2gEGCAEQARgI&sclient=gws-wiz", "title": "rrrr - Google Search", "visitType": 1, "visitCount": 1}, {"date": "2022-02-28 13:02:16", "URL": "https://www.google.com/search?q=ssss&ei=1sccYsiTO468gQbZo7-wAQ&ved=0ahUKEwjI1r_CuqL2AhUOXsAKHdnRDxYQ4dUDCA0&uact=5&oq=ssss&gs_lcp=Cgdnd3Mtd2l6EAMyBwgAELEDEEMyCAguEIAEELEDMggIABCABBCxAzIFCC4QgAQyBAgAEAMyBQgAEIAEMgUILhCABDIKCC4QgAQQ1AIQCjIFCAAQgAQyBQgAEIAEOgQIABBHOgUILhCRAjoFCAAQkQI6DgguELEDEIMBEMcBENEDOggIABCxAxCDAToRCC4QgAQQsQMQgwEQxwEQ0QM6DgguEIAEELEDEMcBEKMCOgQIABBDOgQILhBDOgsIABCABBCxAxCDAToLCC4QgAQQsQMQ1AI6DgguEIAEELEDEMcBENEDOg4ILhCABBCxAxCDARDUAkoECEEYAEoECEYYAFD8AliGBmDgB2gAcAJ4AIABSIgBjwKSAQE0mAEAoAEByAEIwAEB&sclient=gws-wiz", "title": "ssss - Google Search", "visitType": 1, "visitCount": 1}, {"date": "2022-02-28 13:02:18", "URL": "https://www.google.com/search?q=tttt&ei=2MccYruhMrODhbIP4KyU4As&ved=0ahUKEwi77bDDuqL2AhWzQUEAHWAWBbwQ4dUDCA0&uact=5&oq=tttt&gs_lcp=Cgdnd3Mtd2l6EAMyBwguENQCEEMyBwgAELEDEEMyBQgAEIAEMgUIABCABDIHCAAQsQMQCjIFCAAQgAQyBQgAEIAEMgQIABAKMgUILhCABDIFCC4QgAQ6BAgAEEc6BAgAEEM6DgguELEDEIMBEMcBEKMCOgsIABCABBCxAxCDAToOCC4QgAQQsQMQxwEQ0QM6EQguEIAEELEDEIMBEMcBENEDOg4ILhCABBCxAxDHARCjAjoICAAQgAQQsQM6CAguEIAEELEDOgsILhCABBDHARDRAzoLCC4QgAQQxwEQrwE6CAguEIAEENQCSgQIQRgASgQIRhgAUI0FWLYIYPkJaABwAngAgAFViAGhApIBATSYAQCgAQHIAQjAAQE&sclient=gws-wiz", "title": "tttt - Google Search", "visitType": 1, "visitCount": 1}, {"date": "2022-02-28 13:02:22", "URL": "https://www.google.com/search?q=uuuu&ei=2sccYsOGOc3BgQaixYGwDw&ved=0ahUKEwjD27HEuqL2AhXNYMAKHaJiAPYQ4dUDCA0&uact=5&oq=uuuu&gs_lcp=Cgdnd3Mtd2l6EAMyBwgAELEDEEMyCwgAEIAEELEDEIMBMgUIABCABDIFCAAQgAQyBQgAEIAEMggILhCABBDUAjIFCC4QgAQyBQgAEIAEMgUIABCABDIFCC4QgAQ6BwgAEEcQsAM6BwgAELADEEM6BwguELADEEM6DAguEMgDELADEEMYADoPCC4Q1AIQyAMQsAMQQxgAOgUIABCRAjoRCC4QgAQQsQMQgwEQxwEQ0QM6DgguEIAEELEDEMcBEKMCOg4ILhCABBCxAxDHARDRAzoICAAQgAQQsQM6BAgAEEM6EAguELEDEMcBEKMCENQCEEM6CAguEIAEELEDOgoIABDqAhC0AhBDOgoILhDqAhC0AhBDOhQIABDqAhC0AhCKAxC3AxDUAxDlAjoXCC4Q1AIQ6gIQtAIQigMQtwMQ1AMQ5QI6CAguENQCEJECOgsILhCABBCxAxCDAToICAAQsQMQgwE6CgguELEDENQCEEM6CAguELEDENQCOgsILhCABBDHARDRA0oECEEYAEoECEYYAVCIBVinEGCsEWgDcAF4AIABf4gB8wOSAQM1LjGYAQCgAQGwAQrIARTAAQHaAQYIABABGAg&sclient=gws-wiz", "title": "uuuu - Google Search", "visitType": 1, "visitCount": 1}, {"date": "2022-02-28 13:02:23", "URL": "https://www.google.com/search?q=vvvv&ei=3cccYrCgOeSBhbIP76qKgA4&ved=0ahUKEwjwgunFuqL2AhXkQEEAHW-VAuAQ4dUDCA0&uact=5&oq=vvvv&gs_lcp=Cgdnd3Mtd2l6EAMyBwgAELEDEEMyCgguELEDENQCEEMyBQgAEIAEMgUIABCABDIFCC4QgAQyBQguEIAEMgUIABCABDIFCAAQgAQyBQgAEIAEMgUIABCABDoECAAQRzoLCC4QgAQQxwEQ0QM6BAgAEEM6DgguEIAEELEDEMcBEKMCOhEILhCABBCxAxCDARDHARDRAzoICAAQgAQQsQM6CwguEIAEELEDEIMBOhEILhCABBCxAxCDARDHARCjAjoHCC4QsQMQQ0oECEEYAEoECEYYAFCsBVjKCGDuCWgAcAJ4AIABXIgBsAKSAQE0mAEAoAEByAEIwAEB&sclient=gws-wiz", "title": "vvvv - Google Search", "visitType": 1, "visitCount": 1}, {"date": "2022-02-28 13:02:25", "URL": "https://www.google.com/search?q=wwww&ei=38ccYtbYN8_vgAbQ25zgBg&ved=0ahUKEwiWxOHGuqL2AhXPN8AKHdAtB2wQ4dUDCA0&uact=5&oq=wwww&gs_lcp=Cgdnd3Mtd2l6EAMyCggAELEDEIMBEEMyBwguENQCEEMyBAguEEMyBAgAEEMyBQgAEIAEMgUIABCABDIFCAAQgAQyCggAELEDEIMBEAoyBQgAEIAEMgUIABCABDoECAAQRzoLCC4QgAQQsQMQgwE6CAgAELEDEIMBOhEILhCABBCxAxCDARDHARCjAjoOCC4QgAQQsQMQxwEQowI6CgguEMcBENEDEEM6EwguELEDEIMBEMcBENEDENQCEEM6CwgAEIAEELEDEIMBOggILhCxAxCDAToLCC4QgAQQxwEQ0QM6CAgAEIAEELEDSgQIQRgASgQIRhgAUMIDWIQHYNwIaABwAngAgAFaiAGGApIBATSYAQCgAQHIAQjAAQE&sclient=gws-wiz", "title": "wwww - Google Search", "visitType": 1, "visitCount": 1}, {"date": "2022-02-28 13:02:27", "URL": "https://www.google.com/search?q=xxxx&ei=4cccYtqsMY6agQa27ZDIAw&ved=0ahUKEwiaodXHuqL2AhUOTcAKHbY2BDkQ4dUDCA0&uact=5&oq=xxxx&gs_lcp=Cgdnd3Mtd2l6EAM6CAgAELADEJECOgcIABCwAxBDOg0IABCxAxCDARCwAxAKOggIABCABBCwAzoSCC4QxwEQ0QMQyAMQsAMQQxgAOhUILhDHARDRAxDUAhDIAxCwAxBDGAA6EAguEIAEENQCEMgDELADGAA6DwguENQCEMgDELADEEMYADoHCC4QsQMQQzoICAAQgAQQsQM6EQguEIAEELEDEIMBEMcBENEDOgsIABCABBCxAxCDAToKCC4QsQMQ1AIQQzoFCAAQgAQ6CwguEIAEELEDEIMBOggIABCxAxCDAToFCC4QgARKBAhBGAFKBAhGGAFQmgNY5gZg8wdoAHAAeACAAfMBiAGjBJIBBTQuMC4xmAEAoAEByAESwAEB2gEGCAAQARgI&sclient=gws-wiz", "title": "xxxx - Google Search", "visitType": 1, "visitCount": 1}, {"date": "2022-02-28 13:02:29", "URL": "https://www.google.com/search?q=yyyy&ei=48ccYtKMIYz5gQb3jqOgBg&ved=0ahUKEwiSir_IuqL2AhWMfMAKHXfHCGQQ4dUDCA0&uact=5&oq=yyyy&gs_lcp=Cgdnd3Mtd2l6EAMyBwguELEDEEMyBAgAEEMyBQgAEIAEMgUIABCABDIFCAAQgAQyBQgAEIAEMgUIABCABDIFCAAQgAQyBQgAEIAEMgUILhCABDoFCAAQkQI6CwgAELEDEIMBEJECOhEILhCABBCxAxCDARDHARDRAzoLCAAQgAQQsQMQgwE6CwguEIAEELEDENQCOgsILhCABBCxAxCDAToLCC4QgAQQxwEQowI6CAguELEDEIMBOgcIABCxAxBDOgoILhCxAxDUAhBDOgcILhCxAxAKOggIABCABBCxAzoOCC4QgAQQsQMQxwEQrwE6CwguEIAEEMcBEK8BOg0ILhCABBDHARDRAxAKSgQIQRgBSgQIRhgAUNEDWL8GYPQHaABwAHgAgAFhiAGQA5IBATWYAQCgAQHAAQE&sclient=gws-wiz", "title": "yyyy - Google Search", "visitType": 1, "visitCount": 1}, {"date": "2022-02-28 13:02:31", "URL": "https://www.google.com/search?q=zzzz&ei=5cccYrq1GZDzgQbl8KXQBw&ved=0ahUKEwj6u7HJuqL2AhWQecAKHWV4CXoQ4dUDCA0&uact=5&oq=zzzz&gs_lcp=Cgdnd3Mtd2l6EAMyCgguELEDENQCEEMyCgguELEDENQCEEMyCgguELEDENQCEEMyCgguELEDENQCEEMyCgguELEDENQCEEMyCgguELEDENQCEEMyCgguELEDENQCEEMyBAgAEEMyBAgAEEMyBAguEEM6BAgAEEc6CAguENQCEJECOg4ILhCABBCxAxDHARDRAzoOCC4QgAQQsQMQxwEQowI6CAguELEDEIMBOggILhCABBCxA0oECEEYAEoECEYYAFDpA1jQB2CJCWgAcAJ4AIABVIgBwAKSAQE0mAEAoAEByAEIwAEB&sclient=gws-wiz", "title": "zzzz - Google Search", "visitType": 1, "visitCount": 1}, {"date": "2022-02-28 13:02:38", "URL": "https://duckduckgo.com/?t=ffab&q=aaaa", "title": "aaaa at DuckDuckGo", "visitType": 2, "visitCount": 1}, {"date": "2022-02-28 13:02:39", "URL": "https://duckduckgo.com/?t=ffab&q=aaaa&ia=web", "title": "aaaa at DuckDuckGo", "visitType": 1, "visitCount": 1}, {"date": "2022-02-28 13:02:41", "URL": "https://duckduckgo.com/?q=bbbb&t=ffab", "title": "bbbb at DuckDuckGo", "visitType": 1, "visitCount": 1}, {"date": "2022-02-28 13:02:42", "URL": "https://duckduckgo.com/?q=bbbb&t=ffab&ia=web", "title": "bbbb at DuckDuckGo", "visitType": 1, "visitCount": 1}, {"date": "2022-02-28 13:02:43", "URL": "https://duckduckgo.com/?q=cccc&t=ffab", "title": "cccc at DuckDuckGo", "visitType": 1, "visitCount": 1}, {"date": "2022-02-28 13:02:44", "URL": "https://duckduckgo.com/?q=cccc&t=ffab&ia=stock", "title": "cccc at DuckDuckGo", "visitType": 1, "visitCount": 1}, {"date": "2022-02-28 13:02:45", "URL": "https://duckduckgo.com/?q=dddd&t=ffab", "title": "dddd at DuckDuckGo", "visitType": 1, "visitCount": 1}, {"date": "2022-02-28 13:02:46", "URL": "https://duckduckgo.com/?q=dddd&t=ffab&ia=web", "title": "dddd at DuckDuckGo", "visitType": 1, "visitCount": 1}, {"date": "2022-02-28 13:02:46", "URL": "https://duckduckgo.com/?q=eeee&t=ffab", "title": "eeee at DuckDuckGo", "visitType": 1, "visitCount": 1}, {"date": "2022-02-28 13:02:48", "URL": "https://duckduckgo.com/?q=eeee&t=ffab&ia=web", "title": "eeee at DuckDuckGo", "visitType": 1, "visitCount": 1}, {"date": "2022-02-28 13:02:48", "URL": "https://duckduckgo.com/?q=ffff&t=ffab", "title": "ffff at DuckDuckGo", "visitType": 1, "visitCount": 1}, {"date": "2022-02-28 13:02:49", "URL": "https://duckduckgo.com/?q=ffff&t=ffab&ia=web", "title": "ffff at DuckDuckGo", "visitType": 1, "visitCount": 1}, {"date": "2022-02-28 13:02:50", "URL": "https://duckduckgo.com/?q=gggg&t=ffab", "title": "gggg at DuckDuckGo", "visitType": 1, "visitCount": 1}, {"date": "2022-02-28 13:02:51", "URL": "https://duckduckgo.com/?q=gggg&t=ffab&ia=web", "title": "gggg at DuckDuckGo", "visitType": 1, "visitCount": 1}, {"date": "2022-02-28 13:02:52", "URL": "https://duckduckgo.com/?q=hhhhh&t=ffab", "title": "hhhhh at DuckDuckGo", "visitType": 1, "visitCount": 1}, {"date": "2022-02-28 13:02:53", "URL": "https://duckduckgo.com/?q=hhhhh&t=ffab&ia=web", "title": "hhhhh at DuckDuckGo", "visitType": 1, "visitCount": 1}, {"date": "2022-02-28 13:02:54", "URL": "https://duckduckgo.com/?q=iiii&t=ffab", "title": "iiii at DuckDuckGo", "visitType": 1, "visitCount": 1}, {"date": "2022-02-28 13:02:55", "URL": "https://duckduckgo.com/?q=iiii&t=ffab&ia=web", "title": "iiii at DuckDuckGo", "visitType": 1, "visitCount": 1}, {"date": "2022-02-28 13:02:57", "URL": "https://duckduckgo.com/?q=jjjj&t=ffab", "title": "jjjj at DuckDuckGo", "visitType": 1, "visitCount": 1}, {"date": "2022-02-28 13:02:57", "URL": "https://duckduckgo.com/?q=jjjj&t=ffab&ia=web", "title": "jjjj at DuckDuckGo", "visitType": 1, "visitCount": 1}, {"date": "2022-02-28 13:02:59", "URL": "https://duckduckgo.com/?q=kkkkkk&t=ffab", "title": "kkkkkk at DuckDuckGo", "visitType": 1, "visitCount": 1}, {"date": "2022-02-28 13:03:00", "URL": "https://duckduckgo.com/?q=kkkkkk&t=ffab&ia=web", "title": "kkkkkk at DuckDuckGo", "visitType": 1, "visitCount": 1}, {"date": "2022-02-28 13:03:01", "URL": "https://duckduckgo.com/?q=llll&t=ffab", "title": "llll at DuckDuckGo", "visitType": 1, "visitCount": 1}, {"date": "2022-02-28 13:03:02", "URL": "https://duckduckgo.com/?q=llll&t=ffab&ia=web", "title": "llll at DuckDuckGo", "visitType": 1, "visitCount": 1}, {"date": "2022-02-28 13:03:03", "URL": "https://duckduckgo.com/?q=mmmm&t=ffab", "title": "mmmm at DuckDuckGo", "visitType": 1, "visitCount": 1}, {"date": "2022-02-28 13:03:04", "URL": "https://duckduckgo.com/?q=mmmm&t=ffab&ia=web", "title": "mmmm at DuckDuckGo", "visitType": 1, "visitCount": 1}, {"date": "2022-02-28 13:03:05", "URL": "https://duckduckgo.com/?q=nnnn&t=ffab", "title": "nnnn at DuckDuckGo", "visitType": 1, "visitCount": 1}, {"date": "2022-02-28 13:03:06", "URL": "https://duckduckgo.com/?q=nnnn&t=ffab&ia=web", "title": "nnnn at DuckDuckGo", "visitType": 1, "visitCount": 1}, {"date": "2022-02-28 13:03:10", "URL": "http://ask.com/", "title": null, "visitType": 2, "visitCount": 1}, {"date": "2022-02-28 13:03:10", "URL": "https://ask.com/", "title": null, "visitType": 5, "visitCount": 1}, {"date": "2022-02-28 13:03:10", "URL": "https://www.ask.com/", "title": "Ask.com - What's Your Question?", "visitType": 5, "visitCount": 1}, {"date": "2022-02-28 13:03:14", "URL": "https://www.ask.com/web?q=aaa&ad=dirN&o=0", "title": "aaa, Ask.com", "visitType": 1, "visitCount": 1}, {"date": "2022-02-28 13:03:17", "URL": "https://www.ask.com/web?o=0&l=dir&qo=serpSearchTopBox&q=bbb", "title": "bbb, Ask.com", "visitType": 1, "visitCount": 1}, {"date": "2022-02-28 13:03:21", "URL": "https://www.ask.com/web?o=0&l=dir&qo=serpSearchTopBox&q=cccc", "title": "cccc, Ask.com", "visitType": 1, "visitCount": 1}, {"date": "2022-02-28 13:03:24", "URL": "https://www.ask.com/web?o=0&l=dir&qo=serpSearchTopBox&q=dddd", "title": "dddd, Ask.com", "visitType": 1, "visitCount": 1}, {"date": "2022-02-28 13:03:26", "URL": "https://www.ask.com/web?o=0&l=dir&qo=serpSearchTopBox&q=eeee", "title": "eeee, Ask.com", "visitType": 1, "visitCount": 1}, {"date": "2022-02-28 13:03:29", "URL": "http://facebook.com/", "title": null, "visitType": 2, "visitCount": 1}, {"date": "2022-02-28 13:03:30", "URL": "https://facebook.com/", "title": null, "visitType": 5, "visitCount": 1}, {"date": "2022-02-28 13:03:49", "URL": "https://www.facebook.com/", "title": "Facebook \u2013 log in or sign up", "visitType": 5, "visitCount": 2}, {"date": "2022-02-28 13:03:39", "URL": "https://messenger.com/", "title": null, "visitType": 1, "visitCount": 1}, {"date": "2022-02-28 13:03:40", "URL": "https://www.messenger.com/", "title": "Messenger", "visitType": 5, "visitCount": 1}, {"date": "2022-02-28 13:03:43", "URL": "https://www.facebook.com/games/", "title": "Games", "visitType": 1, "visitCount": 1}, {"date": "2022-02-28 13:03:45", "URL": "https://www.facebook.com/games/browse/top", "title": "Top Charts", "visitType": 1, "visitCount": 1}, {"date": "2022-02-28 13:03:47", "URL": "https://www.facebook.com/games/query/gyml-tagged/?tag=puzzle", "title": "Puzzle games", "visitType": 1, "visitCount": 1}, {"date": "2022-02-28 13:03:48", "URL": "https://www.facebook.com/games/?redirect_to_gameroom=false", "title": "Games", "visitType": 1, "visitCount": 1}, {"date": "2022-02-28 13:03:49", "URL": "https://www.facebook.com/", "title": "Facebook \u2013 log in or sign up", "visitType": 1, "visitCount": 2}, {"date": "2022-02-28 13:03:53", "URL": "http://instagram.com/", "title": null, "visitType": 2, "visitCount": 1}, {"date": "2022-02-28 13:03:53", "URL": "https://instagram.com/", "title": null, "visitType": 5, "visitCount": 1}, {"date": "2022-02-28 13:03:54", "URL": "https://www.instagram.com/", "title": "Instagram", "visitType": 5, "visitCount": 1}, {"date": "2022-02-28 13:03:59", "URL": "https://l.instagram.com/?u=https%3A%2F%2Fabout.instagram.com%2Fblog%2F&e=ATP-2ynrod6VbcYIp8CoumsG3zXaTCa8hbn493DXVFc4avAWKzUuaIXTMPvSwNjtNRy8ziY_funTkeO2&s=1", "title": null, "visitType": 1, "visitCount": 1}, {"date": "2022-02-28 13:04:00", "URL": "https://about.instagram.com/blog/", "title": "Instagram | Official Blog", "visitType": 1, "visitCount": 1}, {"date": "2022-02-28 13:04:01", "URL": "https://about.instagram.com/en_US/blog", "title": "Instagram | Official Blog", "visitType": 1, "visitCount": 1}, {"date": "2022-02-28 13:04:01", "URL": "https://l.instagram.com/?u=https%3A%2F%2Fabout.instagram.com%2F&e=ATMwBHe6WfokXx_UN1XLBx0e7_md5HqKe0qGjyAYYPwjR-pCARd8e97D7iJcEUl2YYifvO1pG3pDrbun&s=1", "title": null, "visitType": 1, "visitCount": 1}, {"date": "2022-02-28 13:04:02", "URL": "https://about.instagram.com/", "title": "Instagram | About | Official Site", "visitType": 1, "visitCount": 1}, {"date": "2022-02-28 13:04:07", "URL": "https://www.instagram.com/directory/profiles/", "title": "Profiles \u2022 Instagram", "visitType": 1, "visitCount": 1}, {"date": "2022-02-28 13:04:09", "URL": "https://www.instagram.com/directory/profiles/0/", "title": "Profiles \u2022 Instagram", "visitType": 1, "visitCount": 1}, {"date": "2022-02-28 13:04:10", "URL": "https://www.instagram.com/directory/profiles/0-3/", "title": "Profiles \u2022 Instagram", "visitType": 1, "visitCount": 1}, {"date": "2022-02-28 13:04:11", "URL": "https://www.instagram.com/directory/profiles/0-0/", "title": "Profiles \u2022 Instagram", "visitType": 1, "visitCount": 1}, {"date": "2022-02-28 13:04:12", "URL": "https://www.instagram.com/abcdefghi__lmnopqrstuvwxyz/?utm_source=ig_seo&utm_campaign=profiles&utm_medium=", "title": "Jungkook (@abcdefghi__lmnopqrstuvwxyz) \u2022 Instagram photos and videos", "visitType": 1, "visitCount": 1}, {"date": "2022-02-28 13:27:03", "URL": "http://linkedin.com/", "title": null, "visitType": 2, "visitCount": 2}, {"date": "2022-02-28 13:27:03", "URL": "https://linkedin.com/", "title": null, "visitType": 5, "visitCount": 2}, {"date": "2022-02-28 13:44:22", "URL": "https://www.linkedin.com/", "title": "LinkedIn: Log In or Sign Up", "visitType": 5, "visitCount": 5}, {"date": "2022-02-28 13:04:26", "URL": "https://www.linkedin.com/signup/cold-join?trk=guest_homepage-basic_nav-header-join", "title": "Sign Up | LinkedIn", "visitType": 1, "visitCount": 1}, {"date": "2022-02-28 13:04:28", "URL": "https://www.linkedin.com/uas/login?fromSignIn=true&trk=cold_join_sign_in", "title": "LinkedIn Login, Sign in | LinkedIn", "visitType": 1, "visitCount": 1}, {"date": "2022-02-28 13:44:22", "URL": "https://www.linkedin.com/", "title": "LinkedIn: Log In or Sign Up", "visitType": 1, "visitCount": 5}, {"date": "2022-02-28 13:44:11", "URL": "https://start.garudalinux.org/", "title": "Garuda Linux | Startpage", "visitType": 1, "visitCount": 5}, {"date": "2022-02-28 13:21:30", "URL": "https://filebin.net/", "title": "Filebin", "visitType": 2, "visitCount": 2}, {"date": "2022-02-28 13:21:55", "URL": "https://filebin.net/2cjj85vqtpmx91ar", "title": "Filebin | 2cjj85vqtpmx91ar", "visitType": 1, "visitCount": 1}, {"date": "2022-02-28 13:21:56", "URL": "https://filebin.net/2cjj85vqtpmx91ar/randomFile.777", "title": null, "visitType": 1, "visitCount": 1}, {"date": "2022-02-28 13:21:58", "URL": "https://situla.bitbit.net/filebin/891b2124d108793c2b07de1f0258f22adbf2c2f64eee12c2166c91a383790a4e/85c02510e53c941f2e00c9b63ab85dff3ab545d318f9209801b0a5a5294419f3?X-Amz-Algorithm=AWS4-HMAC-SHA256&X-Amz-Credential=HZXB1J7T0UN34UN512IW%2F20220228%2Fus-east-1%2Fs3%2Faws4_request&X-Amz-Date=20220228T132156Z&X-Amz-Expires=30&X-Amz-SignedHeaders=host&response-cache-control=max-age%3D30&response-content-disposition=filename%3D%22randomFile.777%22&response-content-type=application%2Fx-sharedlib&X-Amz-Signature=445950e9282a381625eb0ba39d425929ddfa93d0aa044a108166b0d333088539", "title": "randomFile.777", "visitType": 7, "visitCount": 0}, {"date": "2022-02-28 13:22:00", "URL": "https://filebin.net/2cjj85vqtpmx91ar/randomFile.txt", "title": null, "visitType": 1, "visitCount": 1}, {"date": "2022-02-28 13:22:03", "URL": "https://situla.bitbit.net/filebin/891b2124d108793c2b07de1f0258f22adbf2c2f64eee12c2166c91a383790a4e/1f2e3651ac7a352733518d81e2bbdc6c38cc8ca919a3b92015eb278417cbb9f6?X-Amz-Algorithm=AWS4-HMAC-SHA256&X-Amz-Credential=HZXB1J7T0UN34UN512IW%2F20220228%2Fus-east-1%2Fs3%2Faws4_request&X-Amz-Date=20220228T132200Z&X-Amz-Expires=30&X-Amz-SignedHeaders=host&response-cache-control=max-age%3D30&response-content-disposition=filename%3D%22randomFile.txt%22&response-content-type=application%2Fx-sharedlib&X-Amz-Signature=d8166e829827b60497c356dbf38710e25fccf36e1bade4e07fa3aa0f76d629da", "title": "randomFile.txt", "visitType": 7, "visitCount": 0}, {"date": "2022-02-28 13:22:04", "URL": "https://filebin.net/2cjj85vqtpmx91ar/virus.exe", "title": null, "visitType": 1, "visitCount": 1}, {"date": "2022-02-28 13:22:07", "URL": "https://situla.bitbit.net/filebin/891b2124d108793c2b07de1f0258f22adbf2c2f64eee12c2166c91a383790a4e/9b7a8164db0f917b44abdebc49c1e4d1b7c8bcb70e58e4b34d8cdfd3002114b7?X-Amz-Algorithm=AWS4-HMAC-SHA256&X-Amz-Credential=HZXB1J7T0UN34UN512IW%2F20220228%2Fus-east-1%2Fs3%2Faws4_request&X-Amz-Date=20220228T132204Z&X-Amz-Expires=30&X-Amz-SignedHeaders=host&response-cache-control=max-age%3D30&response-content-disposition=filename%3D%22virus.exe%22&response-content-type=application%2Fx-sharedlib&X-Amz-Signature=92df0a6ff7b0e9cf4c5a213e93157768bbf0ad2e972811c40c91bb64a7ed1e69", "title": "virus(1).exe", "visitType": 7, "visitCount": 0}, {"date": "2022-02-28 13:44:11", "URL": "https://start.garudalinux.org/", "title": "Garuda Linux | Startpage", "visitType": 1, "visitCount": 5}, {"date": "2022-02-28 13:27:03", "URL": "http://linkedin.com/", "title": null, "visitType": 2, "visitCount": 2}, {"date": "2022-02-28 13:27:03", "URL": "https://linkedin.com/", "title": null, "visitType": 5, "visitCount": 2}, {"date": "2022-02-28 13:44:22", "URL": "https://www.linkedin.com/", "title": "LinkedIn: Log In or Sign Up", "visitType": 5, "visitCount": 5}, {"date": "2022-02-28 13:44:11", "URL": "https://start.garudalinux.org/", "title": "Garuda Linux | Startpage", "visitType": 1, "visitCount": 5}, {"date": "2022-02-28 13:37:34", "URL": "https://www.google.com/search?channel=crow5&client=firefox-b-d&q=random", "title": "random - Google Search", "visitType": 2, "visitCount": 5}, {"date": "2022-02-28 13:37:25", "URL": "https://www.google.com/search?channel=crow5&client=firefox-b-d&q=linkedin", "title": "linkedin - Google Search", "visitType": 2, "visitCount": 3}, {"date": "2022-02-28 13:37:25", "URL": "https://www.google.com/search?channel=crow5&client=firefox-b-d&q=linkedin", "title": "linkedin - Google Search", "visitType": 2, "visitCount": 3}, {"date": "2022-02-28 13:37:25", "URL": "https://www.google.com/search?channel=crow5&client=firefox-b-d&q=linkedin", "title": "linkedin - Google Search", "visitType": 2, "visitCount": 3}, {"date": "2022-02-28 13:37:34", "URL": "https://www.google.com/search?channel=crow5&client=firefox-b-d&q=random", "title": "random - Google Search", "visitType": 2, "visitCount": 5}, {"date": "2022-02-28 13:37:34", "URL": "https://www.google.com/search?channel=crow5&client=firefox-b-d&q=random", "title": "random - Google Search", "visitType": 2, "visitCount": 5}, {"date": "2022-02-28 13:37:34", "URL": "https://www.google.com/search?channel=crow5&client=firefox-b-d&q=random", "title": "random - Google Search", "visitType": 2, "visitCount": 5}, {"date": "2022-02-28 13:37:34", "URL": "https://www.google.com/search?channel=crow5&client=firefox-b-d&q=random", "title": "random - Google Search", "visitType": 2, "visitCount": 5}, {"date": "2022-02-28 13:44:11", "URL": "https://start.garudalinux.org/", "title": "Garuda Linux | Startpage", "visitType": 1, "visitCount": 5}, {"date": "2022-02-28 13:43:11", "URL": "https://www.google.com/", "title": "Google", "visitType": 2, "visitCount": 2}, {"date": "2022-02-28 13:44:26", "URL": "https://www.google.com/search?q=linkedin.com%2F&source=hp&ei=b9EcYr3eCdujgAaWj5HYAw&iflsig=AHkkrS4AAAAAYhzffw915WhC7Eo5AHiLfPQ8WVLNYhPE&ved=0ahUKEwj90dnVw6L2AhXbEcAKHZZHBDsQ4dUDCAg&uact=5&oq=linkedin.com%2F&gs_lcp=Cgdnd3Mtd2l6EAMyCwgAEIAEELEDEIMBMgUIABCABDIFCAAQgAQyBQgAEIAEMgUIABCABDIFCAAQgAQyCwguEIAEEMcBENEDMgcIABCABBAKMgUIABCABDIHCAAQgAQQCjoOCAAQjwEQ6gIQjAMQ5QI6DgguEI8BEOoCEIwDEOUCUGxYbGDcA2gBcAB4AIABMogBMpIBATGYAQCgAQKgAQGwAQo&sclient=gws-wiz", "title": "linkedin.com/ - Google Search", "visitType": 1, "visitCount": 2}, {"date": "2022-02-28 13:43:17", "URL": "https://www.google.com/search?q=www.linkedin.com&ei=cNEcYpO-JozVgQbgvavADg&ved=0ahUKEwiTtrPWw6L2AhWMasAKHeDeCugQ4dUDCA0&uact=5&oq=www.linkedin.com&gs_lcp=Cgdnd3Mtd2l6EAMyCwgAEIAEELEDEIMBMggIABCABBCxAzIFCAAQgAQyBQgAEIAEMgUIABCABDIFCAAQgAQyBQgAEIAEMgUIABCABDIFCAAQgAQyBQgAEIAEOgkIABCwAxAHEB46DggAEIAEELEDEIMBELADOggIABCwAxCRAjoOCC4QxwEQ0QMQsAMQkQI6CAgAEIAEELADOgoIABCABBCwAxAKOgsILhCABBCxAxCDAToKCAAQsQMQgwEQQzoICAAQsQMQgwE6EQguEIAEELEDEIMBEMcBEKMCOg4ILhCABBCxAxDHARCjAjoUCC4QgAQQsQMQgwEQxwEQ0QMQ1AI6CwguEIAEEMcBENEDOggILhCxAxCDAToFCAAQkQI6DQguEIAEEMcBENEDEApKBAhBGAFKBAhGGABQrwdYyRlgzhtoAXAAeACAAViIAd0HkgECMTaYAQCgAQHIAQrAAQE&sclient=gws-wiz", "title": "www.linkedin.com - Google Search", "visitType": 1, "visitCount": 1}, {"date": "2022-02-28 13:43:19", "URL": "http://www.linkedin.com/", "title": null, "visitType": 2, "visitCount": 1}, {"date": "2022-02-28 13:44:22", "URL": "https://www.linkedin.com/", "title": "LinkedIn: Log In or Sign Up", "visitType": 5, "visitCount": 5}, {"date": "2022-02-28 13:44:11", "URL": "https://start.garudalinux.org/", "title": "Garuda Linux | Startpage", "visitType": 1, "visitCount": 5}, {"date": "2022-02-28 13:44:22", "URL": "https://www.linkedin.com/", "title": "LinkedIn: Log In or Sign Up", "visitType": 2, "visitCount": 5}, {"date": "2022-02-28 13:44:26", "URL": "https://www.google.com/search?q=linkedin.com%2F&source=hp&ei=b9EcYr3eCdujgAaWj5HYAw&iflsig=AHkkrS4AAAAAYhzffw915WhC7Eo5AHiLfPQ8WVLNYhPE&ved=0ahUKEwj90dnVw6L2AhXbEcAKHZZHBDsQ4dUDCAg&uact=5&oq=linkedin.com%2F&gs_lcp=Cgdnd3Mtd2l6EAMyCwgAEIAEELEDEIMBMgUIABCABDIFCAAQgAQyBQgAEIAEMgUIABCABDIFCAAQgAQyCwguEIAEEMcBENEDMgcIABCABBAKMgUIABCABDIHCAAQgAQQCjoOCAAQjwEQ6gIQjAMQ5QI6DgguEI8BEOoCEIwDEOUCUGxYbGDcA2gBcAB4AIABMogBMpIBATGYAQCgAQKgAQGwAQo&sclient=gws-wiz", "title": "linkedin.com/ - Google Search", "visitType": 2, "visitCount": 2}, {"date": "2022-02-28 13:44:36", "URL": "https://pinetools.com/random-file-generator", "title": "Online Random file generator", "visitType": 2, "visitCount": 2}]