<certificates><certificate><version>v3</version><serial>9101305761976670746388865003982847684</serial><hashAlgo>sha256</hashAlgo><issuer>Common Name: DigiCert Global Root CA, Organizational Unit: www.digicert.com, Organization: DigiCert Inc, Country: US</issuer><validFrom>2021-04-14 00:00:00</validFrom><validUntil>2031-04-13 23:59:59</validUntil><subject>Common Name: DigiCert TLS RSA SHA256 2020 CA1, Organization: DigiCert Inc, Country: US</subject><subjectKeyAlgorithm>rsa</subjectKeyAlgorithm><subjectKeyBitSize>2048</subjectKeyBitSize><extensions>['basic_constraints', 'key_identifier', 'authority_key_identifier', 'key_usage', 'extended_key_usage', 'authority_information_access', 'crl_distribution_points', 'certificate_policies']</extensions><cert>1</cert><path>certificates/DigiCert-TLS-RSA-SHA256-2020-CA1-9101305761976670746388865003982847684.pem</path></certificate><certificate><version>v3</version><serial>144918209630989264145272943054026349679957517</serial><hashAlgo>sha256</hashAlgo><issuer>Common Name: Amazon Root CA 1, Organization: Amazon, Country: US</issuer><validFrom>2015-10-22 00:00:00</validFrom><validUntil>2025-10-19 00:00:00</validUntil><subject>Common Name: Amazon, Organizational Unit: Server CA 1B, Organization: Amazon, Country: US</subject><subjectKeyAlgorithm>rsa</subjectKeyAlgorithm><subjectKeyBitSize>2048</subjectKeyBitSize><extensions>['basic_constraints', 'key_usage', 'key_identifier', 'authority_key_identifier', 'authority_information_access', 'crl_distribution_points', 'certificate_policies']</extensions><cert>1</cert><path>certificates/Amazon-144918209630989264145272943054026349679957517.pem</path></certificate><certificate><version>v3</version><serial>192961496339968674994309121183282847578</serial><hashAlgo>sha256</hashAlgo><issuer>Common Name: ISRG Root X1, Organization: Internet Security Research Group, Country: US</issuer><validFrom>2020-09-04 00:00:00</validFrom><validUntil>2025-09-15 16:00:00</validUntil><subject>Common Name: R3, Organization: Let's Encrypt, Country: US</subject><subjectKeyAlgorithm>rsa</subjectKeyAlgorithm><subjectKeyBitSize>2048</subjectKeyBitSize><extensions>['key_usage', 'extended_key_usage', 'basic_constraints', 'key_identifier', 'authority_key_identifier', 'authority_information_access', 'crl_distribution_points', 'certificate_policies']</extensions><cert>1</cert><path>certificates/R3-192961496339968674994309121183282847578.pem</path></certificate><certificate><version>v3</version><serial>13567650854749339296468135199911180260</serial><hashAlgo>sha256</hashAlgo><issuer>Common Name: DigiCert Global Root CA, Organizational Unit: www.digicert.com, Organization: DigiCert Inc, Country: US</issuer><validFrom>2020-09-24 00:00:00</validFrom><validUntil>2030-09-23 23:59:59</validUntil><subject>Common Name: DigiCert TLS RSA SHA256 2020 CA1, Organization: DigiCert Inc, Country: US</subject><subjectKeyAlgorithm>rsa</subjectKeyAlgorithm><subjectKeyBitSize>2048</subjectKeyBitSize><extensions>['key_identifier', 'authority_key_identifier', 'key_usage', 'extended_key_usage', 'basic_constraints', 'authority_information_access', 'crl_distribution_points', 'certificate_policies']</extensions><cert>1</cert><path>certificates/DigiCert-TLS-RSA-SHA256-2020-CA1-13567650854749339296468135199911180260.pem</path></certificate><certificate><version>v3</version><serial>159612451717983579589660725350</serial><hashAlgo>sha256</hashAlgo><issuer>Common Name: GTS Root R1, Organization: Google Trust Services LLC, Country: US</issuer><validFrom>2020-08-13 00:00:42</validFrom><validUntil>2027-09-30 00:00:42</validUntil><subject>Common Name: GTS CA 1C3, Organization: Google Trust Services LLC, Country: US</subject><subjectKeyAlgorithm>rsa</subjectKeyAlgorithm><subjectKeyBitSize>2048</subjectKeyBitSize><extensions>['key_usage', 'extended_key_usage', 'basic_constraints', 'key_identifier', 'authority_key_identifier', 'authority_information_access', 'crl_distribution_points', 'certificate_policies']</extensions><cert>1</cert><path>certificates/GTS-CA-1C3-159612451717983579589660725350.pem</path></certificate><certificate><version>v3</version><serial>159159747900478145820483398898491642637</serial><hashAlgo>sha256</hashAlgo><issuer>Common Name: GlobalSign Root CA, Organizational Unit: Root CA, Organization: GlobalSign nv-sa, Country: BE</issuer><validFrom>2020-06-19 00:00:42</validFrom><validUntil>2028-01-28 00:00:42</validUntil><subject>Common Name: GTS Root R1, Organization: Google Trust Services LLC, Country: US</subject><subjectKeyAlgorithm>rsa</subjectKeyAlgorithm><subjectKeyBitSize>4096</subjectKeyBitSize><extensions>['key_usage', 'basic_constraints', 'key_identifier', 'authority_key_identifier', 'authority_information_access', 'crl_distribution_points', 'certificate_policies']</extensions><cert>1</cert><path>certificates/GTS-Root-R1-159159747900478145820483398898491642637.pem</path></certificate><certificate><version>v3</version><serial>2646203786665923649276728595390119057</serial><hashAlgo>sha256</hashAlgo><issuer>Common Name: DigiCert Global Root CA, Organizational Unit: www.digicert.com, Organization: DigiCert Inc, Country: US</issuer><validFrom>2013-03-08 12:00:00</validFrom><validUntil>2023-03-08 12:00:00</validUntil><subject>Common Name: DigiCert SHA2 Secure Server CA, Organization: DigiCert Inc, Country: US</subject><subjectKeyAlgorithm>rsa</subjectKeyAlgorithm><subjectKeyBitSize>2048</subjectKeyBitSize><extensions>['basic_constraints', 'key_usage', 'authority_information_access', 'crl_distribution_points', 'certificate_policies', 'key_identifier', 'authority_key_identifier']</extensions><cert>1</cert><path>certificates/DigiCert-SHA2-Secure-Server-CA-2646203786665923649276728595390119057.pem</path></certificate><certificate><version>v3</version><serial>643737735079251349059814484552445383379674142909</serial><hashAlgo>sha256</hashAlgo><issuer>Common Name: Interesting Root CA, Organization: Interesting Company Ltd, Country: US</issuer><validFrom>2022-02-28 08:55:54</validFrom><validUntil>2032-02-26 08:55:54</validUntil><subject>Common Name: Interesting Root CA, Organization: Interesting Company Ltd, Country: US</subject><subjectKeyAlgorithm>rsa</subjectKeyAlgorithm><subjectKeyBitSize>4096</subjectKeyBitSize><extensions>['key_identifier', 'authority_key_identifier', 'basic_constraints']</extensions><cert>1</cert><path>certificates/Interesting-Root-CA-643737735079251349059814484552445383379674142909.pem</path></certificate><certificate><version>v3</version><serial>63880105197353413521624658489231510078830328257</serial><hashAlgo>md5</hashAlgo><issuer>Common Name: Izenpe.com, Organization: IZENPE S.A., Country: ES</issuer><validFrom>2022-02-28 09:01:30</validFrom><validUntil>2032-02-26 09:01:30</validUntil><subject>Common Name: Izenpe.com, Organization: IZENPE S.A., Country: ES</subject><subjectKeyAlgorithm>rsa</subjectKeyAlgorithm><subjectKeyBitSize>4096</subjectKeyBitSize><extensions>['key_identifier', 'authority_key_identifier', 'basic_constraints']</extensions><cert>1</cert><path>certificates/Izenpe.com-63880105197353413521624658489231510078830328257.pem</path></certificate><certificate><version>v3</version><serial>105738104617191913066584805998228207437749026474</serial><hashAlgo>sha256</hashAlgo><issuer>Common Name: Izenpe.com, Organization: IZENPE S.A., Country: ES</issuer><validFrom>2022-02-28 09:01:11</validFrom><validUntil>2032-02-26 09:01:11</validUntil><subject>Common Name: Izenpe.com, Organization: IZENPE S.A., Country: ES</subject><subjectKeyAlgorithm>rsa</subjectKeyAlgorithm><subjectKeyBitSize>1024</subjectKeyBitSize><extensions>['key_identifier', 'authority_key_identifier', 'basic_constraints']</extensions><cert>1</cert><path>certificates/Izenpe.com-105738104617191913066584805998228207437749026474.pem</path></certificate></certificates>