[{"version": "v3", "serial": 9101305761976670746388865003982847684, "hashAlgo": "sha256", "issuer": "Common Name: DigiCert Global Root CA, Organizational Unit: www.digicert.com, Organization: DigiCert Inc, Country: US", "validFrom": "2021-04-14 00:00:00", "validUntil": "2031-04-13 23:59:59", "subject": "Common Name: DigiCert TLS RSA SHA256 2020 CA1, Organization: DigiCert Inc, Country: US", "subjectKeyAlgorithm": "rsa", "subjectKeyBitSize": 2048, "extensions": ["basic_constraints", "key_identifier", "authority_key_identifier", "key_usage", "extended_key_usage", "authority_information_access", "crl_distribution_points", "certificate_policies"], "cert": 1, "path": "certificates/DigiCert-TLS-RSA-SHA256-2020-CA1-9101305761976670746388865003982847684.pem"}, {"version": "v3", "serial": 144918209630989264145272943054026349679957517, "hashAlgo": "sha256", "issuer": "Common Name: Amazon Root CA 1, Organization: Amazon, Country: US", "validFrom": "2015-10-22 00:00:00", "validUntil": "2025-10-19 00:00:00", "subject": "Common Name: Amazon, Organizational Unit: Server CA 1B, Organization: Amazon, Country: US", "subjectKeyAlgorithm": "rsa", "subjectKeyBitSize": 2048, "extensions": ["basic_constraints", "key_usage", "key_identifier", "authority_key_identifier", "authority_information_access", "crl_distribution_points", "certificate_policies"], "cert": 1, "path": "certificates/Amazon-144918209630989264145272943054026349679957517.pem"}, {"version": "v3", "serial": 192961496339968674994309121183282847578, "hashAlgo": "sha256", "issuer": "Common Name: ISRG Root X1, Organization: Internet Security Research Group, Country: US", "validFrom": "2020-09-04 00:00:00", "validUntil": "2025-09-15 16:00:00", "subject": "Common Name: R3, Organization: Let's Encrypt, Country: US", "subjectKeyAlgorithm": "rsa", "subjectKeyBitSize": 2048, "extensions": ["key_usage", "extended_key_usage", "basic_constraints", "key_identifier", "authority_key_identifier", "authority_information_access", "crl_distribution_points", "certificate_policies"], "cert": 1, "path": "certificates/R3-192961496339968674994309121183282847578.pem"}, {"version": "v3", "serial": 13567650854749339296468135199911180260, "hashAlgo": "sha256", "issuer": "Common Name: DigiCert Global Root CA, Organizational Unit: www.digicert.com, Organization: DigiCert Inc, Country: US", "validFrom": "2020-09-24 00:00:00", "validUntil": "2030-09-23 23:59:59", "subject": "Common Name: DigiCert TLS RSA SHA256 2020 CA1, Organization: DigiCert Inc, Country: US", "subjectKeyAlgorithm": "rsa", "subjectKeyBitSize": 2048, "extensions": ["key_identifier", "authority_key_identifier", "key_usage", "extended_key_usage", "basic_constraints", "authority_information_access", "crl_distribution_points", "certificate_policies"], "cert": 1, "path": "certificates/DigiCert-TLS-RSA-SHA256-2020-CA1-13567650854749339296468135199911180260.pem"}, {"version": "v3", "serial": 159612451717983579589660725350, "hashAlgo": "sha256", "issuer": "Common Name: GTS Root R1, Organization: Google Trust Services LLC, Country: US", "validFrom": "2020-08-13 00:00:42", "validUntil": "2027-09-30 00:00:42", "subject": "Common Name: GTS CA 1C3, Organization: Google Trust Services LLC, Country: US", "subjectKeyAlgorithm": "rsa", "subjectKeyBitSize": 2048, "extensions": ["key_usage", "extended_key_usage", "basic_constraints", "key_identifier", "authority_key_identifier", "authority_information_access", "crl_distribution_points", "certificate_policies"], "cert": 1, "path": "certificates/GTS-CA-1C3-159612451717983579589660725350.pem"}, {"version": "v3", "serial": 159159747900478145820483398898491642637, "hashAlgo": "sha256", "issuer": "Common Name: GlobalSign Root CA, Organizational Unit: Root CA, Organization: GlobalSign nv-sa, Country: BE", "validFrom": "2020-06-19 00:00:42", "validUntil": "2028-01-28 00:00:42", "subject": "Common Name: GTS Root R1, Organization: Google Trust Services LLC, Country: US", "subjectKeyAlgorithm": "rsa", "subjectKeyBitSize": 4096, "extensions": ["key_usage", "basic_constraints", "key_identifier", "authority_key_identifier", "authority_information_access", "crl_distribution_points", "certificate_policies"], "cert": 1, "path": "certificates/GTS-Root-R1-159159747900478145820483398898491642637.pem"}, {"version": "v3", "serial": 2646203786665923649276728595390119057, "hashAlgo": "sha256", "issuer": "Common Name: DigiCert Global Root CA, Organizational Unit: www.digicert.com, Organization: DigiCert Inc, Country: US", "validFrom": "2013-03-08 12:00:00", "validUntil": "2023-03-08 12:00:00", "subject": "Common Name: DigiCert SHA2 Secure Server CA, Organization: DigiCert Inc, Country: US", "subjectKeyAlgorithm": "rsa", "subjectKeyBitSize": 2048, "extensions": ["basic_constraints", "key_usage", "authority_information_access", "crl_distribution_points", "certificate_policies", "key_identifier", "authority_key_identifier"], "cert": 1, "path": "certificates/DigiCert-SHA2-Secure-Server-CA-2646203786665923649276728595390119057.pem"}, {"version": "v3", "serial": 643737735079251349059814484552445383379674142909, "hashAlgo": "sha256", "issuer": "Common Name: Interesting Root CA, Organization: Interesting Company Ltd, Country: US", "validFrom": "2022-02-28 08:55:54", "validUntil": "2032-02-26 08:55:54", "subject": "Common Name: Interesting Root CA, Organization: Interesting Company Ltd, Country: US", "subjectKeyAlgorithm": "rsa", "subjectKeyBitSize": 4096, "extensions": ["key_identifier", "authority_key_identifier", "basic_constraints"], "cert": 1, "path": "certificates/Interesting-Root-CA-643737735079251349059814484552445383379674142909.pem"}, {"version": "v3", "serial": 63880105197353413521624658489231510078830328257, "hashAlgo": "md5", "issuer": "Common Name: Izenpe.com, Organization: IZENPE S.A., Country: ES", "validFrom": "2022-02-28 09:01:30", "validUntil": "2032-02-26 09:01:30", "subject": "Common Name: Izenpe.com, Organization: IZENPE S.A., Country: ES", "subjectKeyAlgorithm": "rsa", "subjectKeyBitSize": 4096, "extensions": ["key_identifier", "authority_key_identifier", "basic_constraints"], "cert": 1, "path": "certificates/Izenpe.com-63880105197353413521624658489231510078830328257.pem"}, {"version": "v3", "serial": 105738104617191913066584805998228207437749026474, "hashAlgo": "sha256", "issuer": "Common Name: Izenpe.com, Organization: IZENPE S.A., Country: ES", "validFrom": "2022-02-28 09:01:11", "validUntil": "2032-02-26 09:01:11", "subject": "Common Name: Izenpe.com, Organization: IZENPE S.A., Country: ES", "subjectKeyAlgorithm": "rsa", "subjectKeyBitSize": 1024, "extensions": ["key_identifier", "authority_key_identifier", "basic_constraints"], "cert": 1, "path": "certificates/Izenpe.com-105738104617191913066584805998228207437749026474.pem"}]