<cookies><cookie><host>fake.com/</host><name>normalCookie</name><value>randomData</value><expiry>2022-08-14 14:04:25</expiry><lastAccessed>2022-02-27 10:14:27</lastAccessed><creationTime>2021-07-20 14:04:25</creationTime><secure>True</secure><httpOnly>True</httpOnly><sameSite>True</sameSite></cookie><cookie><host>fake.com/</host><name>base64Cookie</name><value>dGVzdGluZw==</value><expiry>2022-08-14 14:04:25</expiry><lastAccessed>2022-02-27 10:14:27</lastAccessed><creationTime>2021-07-20 14:04:25</creationTime><secure>True</secure><httpOnly>True</httpOnly><sameSite>True</sameSite></cookie><cookie><host>fake.com/</host><name>hexCookie</name><value>74657374696e67</value><expiry>2022-08-14 14:04:25</expiry><lastAccessed>2022-02-27 10:14:27</lastAccessed><creationTime>2021-07-20 14:04:25</creationTime><secure>True</secure><httpOnly>True</httpOnly><sameSite>True</sameSite></cookie><cookie><host>fake.com/</host><name>_ga</name><value>GA.1.2.12345678.12345678</value><expiry>2022-08-14 14:04:25</expiry><lastAccessed>2022-02-27 10:14:27</lastAccessed><creationTime>2021-07-20 14:04:25</creationTime><secure>True</secure><httpOnly>True</httpOnly><sameSite>True</sameSite></cookie></cookies>