<extensions><extension><name>EX</name><URL>https://addons.mozilla.org/firefox/downloads/file/random/random.xpi</URL><permissions>['webRequest', 'webRequestBlocking']</permissions></extension><extension><name>NMI</name><URL>https://random.com/random.xpi</URL><permissions>['webRequest', 'webRequestBlocking']</permissions></extension><extension><name>PRM</name><URL>https://addons.mozilla.org/firefox/downloads/file/random/random.xpi</URL><permissions>['webRequest', 'downloads', 'downloads.open', 'background', 'cookies']</permissions></extension></extensions>