[{"name": "MU-1", "value": "V1", "useCount": 20}, {"name": "MU-2", "value": "V2", "useCount": 18}, {"name": "MU-3", "value": "V3", "useCount": 16}, {"name": "MU-4", "value": "V4", "useCount": 14}, {"name": "MU-5", "value": "V5", "useCount": 12}, {"name": "MU-6", "value": "V6", "useCount": 10}, {"name": "MU-7", "value": "V7", "useCount": 8}, {"name": "MU-8", "value": "V8", "useCount": 6}, {"name": "MU-9", "value": "V9", "useCount": 4}, {"name": "MU-10", "value": "V10", "useCount": 2}, {"name": "normal", "value": "random", "useCount": 1}, {"name": "user", "value": "randomUser", "useCount": 1}, {"name": "pass", "value": "randomPass", "useCount": 1}, {"name": "login", "value": "randomLogin", "useCount": 1}, {"name": "name", "value": "randomName", "useCount": 1}, {"name": "phone", "value": "randomPhone", "useCount": 1}, {"name": "email", "value": "randomEmail", "useCount": 1}, {"name": "address", "value": "randomAddress", "useCount": 1}]