name,value,useCount
MU-1,V1,20
MU-2,V2,18
MU-3,V3,16
MU-4,V4,14
MU-5,V5,12
MU-6,V6,10
MU-7,V7,8
MU-8,V8,6
MU-9,V9,4
MU-10,V10,2
normal,random,1
user,randomUser,1
pass,randomPass,1
login,randomLogin,1
name,randomName,1
phone,randomPhone,1
email,randomEmail,1
address,randomAddress,1
