[{"host": "https://www.random1.org", "encryptedUsername": "MDoEEPgAAAAAAAAAAAAAAAAAAAEwFAYIKoZIhvcNAwcECDhbAmoQ1rxBBBAf1xYB9urEddqUi0IjoQfd", "encryptedPassword": "MEIEEPgAAAAAAAAAAAAAAAAAAAEwFAYIKoZIhvcNAwcECO+uPnP/DF9eBBhSJrZLr0XcDXFLcczjx5oSw3ZFR5b3Vao=", "username": "randomUsername1", "password": "randomPassword10"}, {"host": "https://www.random2.org", "encryptedUsername": "MDoEEPgAAAAAAAAAAAAAAAAAAAEwFAYIKoZIhvcNAwcECAJX3+51x1qsBBABa2LMllqe7zeDuAQIuewg", "encryptedPassword": "MEIEEPgAAAAAAAAAAAAAAAAAAAEwFAYIKoZIhvcNAwcECGM1Ruiqm8CoBBgtI9BVXlydcx8yKVlr0QjinnalO2/iwFU=", "username": "randomUsername1", "password": "randomPassword10"}, {"host": "https://www.random3.org", "encryptedUsername": "MDoEEPgAAAAAAAAAAAAAAAAAAAEwFAYIKoZIhvcNAwcECPtD9Skd8X6jBBAEKZlOOGohdm2sUMxr0H9N", "encryptedPassword": "MEIEEPgAAAAAAAAAAAAAAAAAAAEwFAYIKoZIhvcNAwcECH3dP33w4QNNBBgd7zx79helCuEkDedKtC1EZPa1EF3makw=", "username": "randomUsername1", "password": "randomPassword10"}, {"host": "https://www.random4.org", "encryptedUsername": "MDoEEPgAAAAAAAAAAAAAAAAAAAEwFAYIKoZIhvcNAwcECKpKW1VtNJ0kBBB49vsyvTpQpzPRa+1MN8CP", "encryptedPassword": "MEIEEPgAAAAAAAAAAAAAAAAAAAEwFAYIKoZIhvcNAwcECNL+k9IUTeXjBBgjVLEd7paGsG1gyF5KVGcSoFZ3ocrxazg=", "username": "randomUsername1", "password": "randomPassword10"}, {"host": "https://www.random5.org", "encryptedUsername": "MDoEEPgAAAAAAAAAAAAAAAAAAAEwFAYIKoZIhvcNAwcECKzaVjvsU5oJBBAOqeC4JXOrKeZ5uRqX+kGZ", "encryptedPassword": "MEIEEPgAAAAAAAAAAAAAAAAAAAEwFAYIKoZIhvcNAwcECJigTauTgdN7BBhmM59qO4SvbNMFA4RT2G31REHi17W3FYw=", "username": "randomUsername1", "password": "randomPassword10"}, {"host": "https://www.random6.org", "encryptedUsername": "MDoEEPgAAAAAAAAAAAAAAAAAAAEwFAYIKoZIhvcNAwcECAKa+McwGoUlBBCfHYZKV0SoFKfXMmcUs2M3", "encryptedPassword": "MEIEEPgAAAAAAAAAAAAAAAAAAAEwFAYIKoZIhvcNAwcECFRpPre7NmrIBBhiN668eCU+YfolBzX9fRuG8RRFwoiyhzQ=", "username": "randomUsername1", "password": "randomPassword10"}, {"host": "https://www.random7.org", "encryptedUsername": "MDoEEPgAAAAAAAAAAAAAAAAAAAEwFAYIKoZIhvcNAwcECHls0RirirHbBBA3cvVStl/BOiIz8XX9JArp", "encryptedPassword": "MEIEEPgAAAAAAAAAAAAAAAAAAAEwFAYIKoZIhvcNAwcECGu3rD4dwUjQBBhQ7HUN1Um4Ahf5nFzndTNz5e9O963aJKA=", "username": "randomUsername1", "password": "randomPassword10"}, {"host": "https://www.random8.org", "encryptedUsername": "MDoEEPgAAAAAAAAAAAAAAAAAAAEwFAYIKoZIhvcNAwcECCidN4eQl2yVBBA79GdF65YOzuejxQNzSDw9", "encryptedPassword": "MEIEEPgAAAAAAAAAAAAAAAAAAAEwFAYIKoZIhvcNAwcECBgzQb5warwBBBgSpiZOyhLHm0hmrbngpGMN3q80dIWr/2s=", "username": "randomUsername1", "password": "randomPassword10"}, {"host": "https://www.random9.org", "encryptedUsername": "MDoEEPgAAAAAAAAAAAAAAAAAAAEwFAYIKoZIhvcNAwcECNNArQ4NRVqcBBDazO/PE4IL7qUu2U7mVmgl", "encryptedPassword": "MEIEEPgAAAAAAAAAAAAAAAAAAAEwFAYIKoZIhvcNAwcECNtv7tFFQ9aQBBj9PiSZ2dA9i+Mk3GAHlqcJSEkMKvPrjVk=", "username": "randomUsername1", "password": "randomPassword10"}, {"host": "https://www.random10.org", "encryptedUsername": "MDoEEPgAAAAAAAAAAAAAAAAAAAEwFAYIKoZIhvcNAwcECEDsdDU5P9wVBBAe3yymCLCEhYkHxX3coU9g", "encryptedPassword": "MEIEEPgAAAAAAAAAAAAAAAAAAAEwFAYIKoZIhvcNAwcECL1ftreRh0a5BBjT9OlgmXxm6g17InkKA1MGuiSyTsqlvMQ=", "username": "randomUsername1", "password": "randomPassword10"}, {"host": "https://www.test1.org", "encryptedUsername": "MDoEEPgAAAAAAAAAAAAAAAAAAAEwFAYIKoZIhvcNAwcECFfnZiqCFVfcBBCKGhSrVJDmKdqp0hWE54Aw", "encryptedPassword": "MDoEEPgAAAAAAAAAAAAAAAAAAAEwFAYIKoZIhvcNAwcECJcr4kCxZ3qkBBDjO0qT5G6Orrspr1eX1a9a", "username": "randomUsername2", "password": "randomPassword9"}, {"host": "https://www.test2.org", "encryptedUsername": "MDoEEPgAAAAAAAAAAAAAAAAAAAEwFAYIKoZIhvcNAwcECMVCDjJZPPGiBBDMLHluhx3gKOvhZkONpprZ", "encryptedPassword": "MDoEEPgAAAAAAAAAAAAAAAAAAAEwFAYIKoZIhvcNAwcECFy2LqExRufaBBDB2fOE9ndupeJeVd34jy/R", "username": "randomUsername2", "password": "randomPassword9"}, {"host": "https://www.test3.org", "encryptedUsername": "MDoEEPgAAAAAAAAAAAAAAAAAAAEwFAYIKoZIhvcNAwcECOtRIXgVhdZ0BBAU+hLVQFLjgJSZ4Gu/eI9+", "encryptedPassword": "MDoEEPgAAAAAAAAAAAAAAAAAAAEwFAYIKoZIhvcNAwcECKFsZFRsH+FGBBAehCtSKxe9ohGmVVsNLUUV", "username": "randomUsername2", "password": "randomPassword9"}, {"host": "https://www.test4.org", "encryptedUsername": "MDoEEPgAAAAAAAAAAAAAAAAAAAEwFAYIKoZIhvcNAwcECCqlfzyGi9RdBBDPg8IHV28BZ58J5Ejc2rDT", "encryptedPassword": "MDoEEPgAAAAAAAAAAAAAAAAAAAEwFAYIKoZIhvcNAwcECBSBvuXF7CC0BBBTEblvec0G5amXLjjOK8dw", "username": "randomUsername2", "password": "randomPassword9"}, {"host": "https://www.test5.org", "encryptedUsername": "MDoEEPgAAAAAAAAAAAAAAAAAAAEwFAYIKoZIhvcNAwcECK2YgzVh2rqkBBB1bI2rEGCW09fTxyQgOdY+", "encryptedPassword": "MDoEEPgAAAAAAAAAAAAAAAAAAAEwFAYIKoZIhvcNAwcECI8PL4Su/0k8BBBHd93dM1ZsJ6zW6PVWeV2R", "username": "randomUsername2", "password": "randomPassword9"}, {"host": "https://www.test6.org", "encryptedUsername": "MDoEEPgAAAAAAAAAAAAAAAAAAAEwFAYIKoZIhvcNAwcECGNXcrlYPSMXBBDHvbMIRZuGX1buJHPLsMVl", "encryptedPassword": "MDoEEPgAAAAAAAAAAAAAAAAAAAEwFAYIKoZIhvcNAwcECD5HIBw+UN6NBBBnfHXT5SrZEDmdBn43nHAw", "username": "randomUsername2", "password": "randomPassword9"}, {"host": "https://www.test7.org", "encryptedUsername": "MDoEEPgAAAAAAAAAAAAAAAAAAAEwFAYIKoZIhvcNAwcECM0VQ0TpLLuBBBCPNh28nw00/BqhucFjqD9d", "encryptedPassword": "MDoEEPgAAAAAAAAAAAAAAAAAAAEwFAYIKoZIhvcNAwcECGRmMwx7Z02YBBA0oM+GgXBpcCvwXaeMvgAG", "username": "randomUsername2", "password": "randomPassword9"}, {"host": "https://www.test8.org", "encryptedUsername": "MDoEEPgAAAAAAAAAAAAAAAAAAAEwFAYIKoZIhvcNAwcECM9iSMQN/i0MBBDK0232mW2lNttFd2ikQN8d", "encryptedPassword": "MDoEEPgAAAAAAAAAAAAAAAAAAAEwFAYIKoZIhvcNAwcECKi68SEC3JO/BBBwN9hyFN/Y41tAmdcga9Ko", "username": "randomUsername2", "password": "randomPassword9"}, {"host": "https://www.test9.org", "encryptedUsername": "MDoEEPgAAAAAAAAAAAAAAAAAAAEwFAYIKoZIhvcNAwcECERUZsFpbd5LBBA41OqIPkW/DBWJPdq3RBeJ", "encryptedPassword": "MDoEEPgAAAAAAAAAAAAAAAAAAAEwFAYIKoZIhvcNAwcECBbvMAfDqRdIBBDQ/uuKpLXUwN7xRZ1YatsH", "username": "randomUsername2", "password": "randomPassword9"}, {"host": "https://www.crash1.org", "encryptedUsername": "MDoEEPgAAAAAAAAAAAAAAAAAAAEwFAYIKoZIhvcNAwcECK0p4Nci1odvBBCvhaIcsh21asAJBMYzJXZE", "encryptedPassword": "MDoEEPgAAAAAAAAAAAAAAAAAAAEwFAYIKoZIhvcNAwcECF+Vhj8PN0xRBBDDfJ1FN7RitwmZ4/RjxbAD", "username": "randomUsername3", "password": "randomPassword8"}, {"host": "https://www.crash2.org", "encryptedUsername": "MDoEEPgAAAAAAAAAAAAAAAAAAAEwFAYIKoZIhvcNAwcECDc49qT0/IHABBBK0aqFTgYBH1wlKaek8JJA", "encryptedPassword": "MDoEEPgAAAAAAAAAAAAAAAAAAAEwFAYIKoZIhvcNAwcECPg4uOwxi1RYBBD1NrUlVJUxU+Vc1/ix8iuV", "username": "randomUsername3", "password": "randomPassword8"}, {"host": "https://www.crash3.org", "encryptedUsername": "MDoEEPgAAAAAAAAAAAAAAAAAAAEwFAYIKoZIhvcNAwcECKE1BmaOspBVBBB76ALmw1yZLgm1w16efDf2", "encryptedPassword": "MDoEEPgAAAAAAAAAAAAAAAAAAAEwFAYIKoZIhvcNAwcECKKYQt8wkFqGBBD0ZFtbnZBMyQHWioC0SK3B", "username": "randomUsername3", "password": "randomPassword8"}, {"host": "https://www.crash4.org", "encryptedUsername": "MDoEEPgAAAAAAAAAAAAAAAAAAAEwFAYIKoZIhvcNAwcECCWBS2L3HYj/BBBdwaEomU1BoJNkl1/V61i1", "encryptedPassword": "MDoEEPgAAAAAAAAAAAAAAAAAAAEwFAYIKoZIhvcNAwcECOMcl06U0rv0BBAYR+ymctBKrLeb/1VWdyyH", "username": "randomUsername3", "password": "randomPassword8"}, {"host": "https://www.crash5.org", "encryptedUsername": "MDoEEPgAAAAAAAAAAAAAAAAAAAEwFAYIKoZIhvcNAwcECG85/tE4OYyLBBBOCDq80h52HcfJ9yAGMti4", "encryptedPassword": "MDoEEPgAAAAAAAAAAAAAAAAAAAEwFAYIKoZIhvcNAwcECLWPZXv7iQz6BBDQ6f0wUCmOELwCqfdw1YAy", "username": "randomUsername3", "password": "randomPassword8"}, {"host": "https://www.crash6.org", "encryptedUsername": "MDoEEPgAAAAAAAAAAAAAAAAAAAEwFAYIKoZIhvcNAwcECPG8zBgp1aNdBBDYE/sckIeT180hLIGVm+Py", "encryptedPassword": "MDoEEPgAAAAAAAAAAAAAAAAAAAEwFAYIKoZIhvcNAwcECGkqmsPlClwGBBCgoW20EpCWVX4sK9nD7Ywh", "username": "randomUsername3", "password": "randomPassword8"}, {"host": "https://www.crash7.org", "encryptedUsername": "MDoEEPgAAAAAAAAAAAAAAAAAAAEwFAYIKoZIhvcNAwcECH5pn9wtE99pBBDnGvOE95Y1uSvDed0avNzp", "encryptedPassword": "MDoEEPgAAAAAAAAAAAAAAAAAAAEwFAYIKoZIhvcNAwcECOAaC5mdt99ABBBiyM2UJvMg0QsynjwZ6q8q", "username": "randomUsername3", "password": "randomPassword8"}, {"host": "https://www.crash8.org", "encryptedUsername": "MDoEEPgAAAAAAAAAAAAAAAAAAAEwFAYIKoZIhvcNAwcECATJ8oud0UjIBBCFXxlvhfri+vlGAXZXpY2V", "encryptedPassword": "MDoEEPgAAAAAAAAAAAAAAAAAAAEwFAYIKoZIhvcNAwcECCwR1XUwB5tIBBBv8GvyZtVHR1paG86kHk/f", "username": "randomUsername3", "password": "randomPassword8"}, {"host": "https://www.scrape1.org", "encryptedUsername": "MDoEEPgAAAAAAAAAAAAAAAAAAAEwFAYIKoZIhvcNAwcECDoDn5wI2ejTBBC00ETdyVCIaUMpWmi8YWK3", "encryptedPassword": "MDoEEPgAAAAAAAAAAAAAAAAAAAEwFAYIKoZIhvcNAwcECEtRrlnmaUfMBBBJH7uGROMjVzhXtNWMIiks", "username": "randomUsername4", "password": "randomPassword7"}, {"host": "https://www.scrape2.org", "encryptedUsername": "MDoEEPgAAAAAAAAAAAAAAAAAAAEwFAYIKoZIhvcNAwcECPHt40VPq6mYBBBdNXoNwvaLuqrtOX7urO83", "encryptedPassword": "MDoEEPgAAAAAAAAAAAAAAAAAAAEwFAYIKoZIhvcNAwcECEOEPKSXCmXzBBCv1zaI7Ym5XsH5wLzA9JA1", "username": "randomUsername4", "password": "randomPassword7"}, {"host": "https://www.scrape3.org", "encryptedUsername": "MDoEEPgAAAAAAAAAAAAAAAAAAAEwFAYIKoZIhvcNAwcECPylEMX7oXZ2BBCoHDd3lQJgUDKKMFQEDqlW", "encryptedPassword": "MDoEEPgAAAAAAAAAAAAAAAAAAAEwFAYIKoZIhvcNAwcECD2UV6t1BMpKBBA98ZOwNRQ3bV3mjyzOKsaQ", "username": "randomUsername4", "password": "randomPassword7"}, {"host": "https://www.scrape4.org", "encryptedUsername": "MDoEEPgAAAAAAAAAAAAAAAAAAAEwFAYIKoZIhvcNAwcECOOJ/q3PNWgJBBCQG/q0dHxEietwsZ6nessL", "encryptedPassword": "MDoEEPgAAAAAAAAAAAAAAAAAAAEwFAYIKoZIhvcNAwcECC/roe+c7NRWBBCGOcYZhU9hF3+VpPLperBN", "username": "randomUsername4", "password": "randomPassword7"}, {"host": "https://www.scrape5.org", "encryptedUsername": "MDoEEPgAAAAAAAAAAAAAAAAAAAEwFAYIKoZIhvcNAwcECCZoYel68lExBBBX7kfmNl9ywO5zXpkDFxwD", "encryptedPassword": "MDoEEPgAAAAAAAAAAAAAAAAAAAEwFAYIKoZIhvcNAwcECLbf73ornvw6BBA1/IxYZ4E38/IUoZR3BoTA", "username": "randomUsername4", "password": "randomPassword7"}, {"host": "https://www.scrape6.org", "encryptedUsername": "MDoEEPgAAAAAAAAAAAAAAAAAAAEwFAYIKoZIhvcNAwcECEmyms6sjk2sBBCNi1Ep6dQx6STuMshxENBH", "encryptedPassword": "MDoEEPgAAAAAAAAAAAAAAAAAAAEwFAYIKoZIhvcNAwcECOr8MP/t+QvDBBB9w9Eq5pYqt/PKJMwQ70CH", "username": "randomUsername4", "password": "randomPassword7"}, {"host": "https://www.scrape7.org", "encryptedUsername": "MDoEEPgAAAAAAAAAAAAAAAAAAAEwFAYIKoZIhvcNAwcECA4O/jU76ef6BBAxInAEgE5l0vejAwG9d1Ge", "encryptedPassword": "MDoEEPgAAAAAAAAAAAAAAAAAAAEwFAYIKoZIhvcNAwcECLbd3Guud9+xBBC/U0a+vV/5algiqOodu++k", "username": "randomUsername4", "password": "randomPassword7"}, {"host": "https://www.credit1.org", "encryptedUsername": "MDoEEPgAAAAAAAAAAAAAAAAAAAEwFAYIKoZIhvcNAwcECDoR/P9Cc18lBBCQ4/2Ev5I4qfVBwx1ZsDFJ", "encryptedPassword": "MDoEEPgAAAAAAAAAAAAAAAAAAAEwFAYIKoZIhvcNAwcECC2vyqxdrWmyBBCsIb5zf9fHHZp4FdVAUlPH", "username": "randomUsername5", "password": "randomPassword6"}, {"host": "https://www.credit2.org", "encryptedUsername": "MDoEEPgAAAAAAAAAAAAAAAAAAAEwFAYIKoZIhvcNAwcECCIAoC53tb9CBBDf4OKpmneTLb2yvlOEjzpi", "encryptedPassword": "MDoEEPgAAAAAAAAAAAAAAAAAAAEwFAYIKoZIhvcNAwcECK/lBO1Sy+IxBBDsyfqReHVl48s0IEAfl9Oo", "username": "randomUsername5", "password": "randomPassword6"}, {"host": "https://www.credit3.org", "encryptedUsername": "MDoEEPgAAAAAAAAAAAAAAAAAAAEwFAYIKoZIhvcNAwcECC9p2+6nOD51BBB8m+P3g8c6f1eaiUvdK+Lh", "encryptedPassword": "MDoEEPgAAAAAAAAAAAAAAAAAAAEwFAYIKoZIhvcNAwcECAIs4Gd1zdGDBBD7WLFUQMgH2QAGz60Hu7bS", "username": "randomUsername5", "password": "randomPassword6"}, {"host": "https://www.credit4.org", "encryptedUsername": "MDoEEPgAAAAAAAAAAAAAAAAAAAEwFAYIKoZIhvcNAwcECMCybKI8rBD1BBDBFPJCyRDwBiisqJFq4qCN", "encryptedPassword": "MDoEEPgAAAAAAAAAAAAAAAAAAAEwFAYIKoZIhvcNAwcECO+MuDoyq/0yBBBV3sQoQLCxL5Tp9IjZchw/", "username": "randomUsername5", "password": "randomPassword6"}, {"host": "https://www.credit5.org", "encryptedUsername": "MDoEEPgAAAAAAAAAAAAAAAAAAAEwFAYIKoZIhvcNAwcECIp4NJvxUG9YBBDD3mOHUJw4rV138cNls37i", "encryptedPassword": "MDoEEPgAAAAAAAAAAAAAAAAAAAEwFAYIKoZIhvcNAwcECNVGi9xUexHwBBAQ6vEDoKEefPEAAafOhDRI", "username": "randomUsername5", "password": "randomPassword6"}, {"host": "https://www.credit6.org", "encryptedUsername": "MDoEEPgAAAAAAAAAAAAAAAAAAAEwFAYIKoZIhvcNAwcECC4tw5H00jEtBBBC/T4sCyxTMk8zZk7Jj/2R", "encryptedPassword": "MDoEEPgAAAAAAAAAAAAAAAAAAAEwFAYIKoZIhvcNAwcECENGG2qWAiJrBBB7mL5+41kl67Ixq1lRUP51", "username": "randomUsername5", "password": "randomPassword6"}, {"host": "https://www.truck1.org", "encryptedUsername": "MDoEEPgAAAAAAAAAAAAAAAAAAAEwFAYIKoZIhvcNAwcECLfZP1mOhU41BBBOViFxrrxsftFev+POEfiu", "encryptedPassword": "MDoEEPgAAAAAAAAAAAAAAAAAAAEwFAYIKoZIhvcNAwcECIRhod4Mn++OBBB3Edtq1XDbf/XZC9hEXuBp", "username": "randomUsername6", "password": "randomPassword5"}, {"host": "https://www.truck2.org", "encryptedUsername": "MDoEEPgAAAAAAAAAAAAAAAAAAAEwFAYIKoZIhvcNAwcECEOELu3Q1Ft1BBC9ndxsAZlMd9/0xxBxFJxO", "encryptedPassword": "MDoEEPgAAAAAAAAAAAAAAAAAAAEwFAYIKoZIhvcNAwcECJCU7d4iGXw1BBD1evRWiKRVcxkDPWvaqqHg", "username": "randomUsername6", "password": "randomPassword5"}, {"host": "https://www.truck3.org", "encryptedUsername": "MDoEEPgAAAAAAAAAAAAAAAAAAAEwFAYIKoZIhvcNAwcECHZZy0Qt/GCnBBCSWwB4bcqGS+xBZj2My4QQ", "encryptedPassword": "MDoEEPgAAAAAAAAAAAAAAAAAAAEwFAYIKoZIhvcNAwcECK747H2j+sSvBBAkrAgMdJJZMmu7f18vMFIx", "username": "randomUsername6", "password": "randomPassword5"}, {"host": "https://www.truck4.org", "encryptedUsername": "MDoEEPgAAAAAAAAAAAAAAAAAAAEwFAYIKoZIhvcNAwcECJeBFoT3ejSGBBA1VWoESNgtLzW5I7I87TvV", "encryptedPassword": "MDoEEPgAAAAAAAAAAAAAAAAAAAEwFAYIKoZIhvcNAwcECM8SdjkTwnrGBBAK/Wv/opv7reyZWm3GsrW4", "username": "randomUsername6", "password": "randomPassword5"}, {"host": "https://www.truck5.org", "encryptedUsername": "MDoEEPgAAAAAAAAAAAAAAAAAAAEwFAYIKoZIhvcNAwcECPalDhRAzdZwBBD/oeGGSh8RAdnY+hDodQGY", "encryptedPassword": "MDoEEPgAAAAAAAAAAAAAAAAAAAEwFAYIKoZIhvcNAwcECOHuZfmNEHR4BBDcaayfKrCV43O/W+R9v/Uk", "username": "randomUsername6", "password": "randomPassword5"}, {"host": "https://www.shark1.org", "encryptedUsername": "MDoEEPgAAAAAAAAAAAAAAAAAAAEwFAYIKoZIhvcNAwcECBwPaV6stD/UBBAUwwz6LgVzoAUbhbEMEyhn", "encryptedPassword": "MDoEEPgAAAAAAAAAAAAAAAAAAAEwFAYIKoZIhvcNAwcECMg2H7L7LzjkBBB/i/Jhg/4I1fvKM5ZNbQym", "username": "randomUsername7", "password": "randomPassword4"}, {"host": "https://www.shark2.org", "encryptedUsername": "MDoEEPgAAAAAAAAAAAAAAAAAAAEwFAYIKoZIhvcNAwcECEEkDAMjlN18BBCFf2RwqKI/TyhtMDfqxa4x", "encryptedPassword": "MDoEEPgAAAAAAAAAAAAAAAAAAAEwFAYIKoZIhvcNAwcECNyGjcErIjdvBBBdKYXZANmxHmTxbovSufvM", "username": "randomUsername7", "password": "randomPassword4"}, {"host": "https://www.shark3.org", "encryptedUsername": "MDoEEPgAAAAAAAAAAAAAAAAAAAEwFAYIKoZIhvcNAwcECHWECrRlg8P4BBC+zZEJ8CD9/nUDDtrqb6U2", "encryptedPassword": "MDoEEPgAAAAAAAAAAAAAAAAAAAEwFAYIKoZIhvcNAwcECGtbPKFPoX6WBBDLLplLrRP3D77UOdsYsws6", "username": "randomUsername7", "password": "randomPassword4"}, {"host": "https://www.shark4.org", "encryptedUsername": "MDoEEPgAAAAAAAAAAAAAAAAAAAEwFAYIKoZIhvcNAwcECBmKYNACHdNfBBDlinnAEYfQPQV/pKAUYXDT", "encryptedPassword": "MDoEEPgAAAAAAAAAAAAAAAAAAAEwFAYIKoZIhvcNAwcECN9QE4gbHWolBBB2tn+JW9X4y8lCpHaBefdo", "username": "randomUsername7", "password": "randomPassword4"}, {"host": "https://www.drink1.org", "encryptedUsername": "MDoEEPgAAAAAAAAAAAAAAAAAAAEwFAYIKoZIhvcNAwcECLQyBAez/Nm+BBCeUrWslLVplWN0iWMKaUjB", "encryptedPassword": "MDoEEPgAAAAAAAAAAAAAAAAAAAEwFAYIKoZIhvcNAwcECEpIzDP4GUNYBBBEUA/QgjRNsGLpbMKBSh3Y", "username": "randomUsername8", "password": "randomPassword3"}, {"host": "https://www.drink2.org", "encryptedUsername": "MDoEEPgAAAAAAAAAAAAAAAAAAAEwFAYIKoZIhvcNAwcECJBBq2+ckeMVBBCBqzqLBKE4gVnATQ9/Im0u", "encryptedPassword": "MDoEEPgAAAAAAAAAAAAAAAAAAAEwFAYIKoZIhvcNAwcECMRqo3SCC9ggBBBoHMlR9G6rw9j/QKjChEQm", "username": "randomUsername8", "password": "randomPassword3"}, {"host": "https://www.drink3.org", "encryptedUsername": "MDoEEPgAAAAAAAAAAAAAAAAAAAEwFAYIKoZIhvcNAwcECJzog1nLgtwBBBDUJb0wjJNfdWEsCdATedGg", "encryptedPassword": "MDoEEPgAAAAAAAAAAAAAAAAAAAEwFAYIKoZIhvcNAwcECIBt/tyqxhozBBDRlBlpfRaE4BzIhW7wJA5t", "username": "randomUsername8", "password": "randomPassword3"}, {"host": "https://www.movie1.org", "encryptedUsername": "MDoEEPgAAAAAAAAAAAAAAAAAAAEwFAYIKoZIhvcNAwcECGPfZK0YgNOSBBD62vsuNKj+08sHlCbh2sfo", "encryptedPassword": "MDoEEPgAAAAAAAAAAAAAAAAAAAEwFAYIKoZIhvcNAwcECKTiqbtR9Bd9BBCXYpqtyx4wQBiZt195QfsJ", "username": "randomUsername9", "password": "randomPassword2"}, {"host": "https://www.movie2.org", "encryptedUsername": "MDoEEPgAAAAAAAAAAAAAAAAAAAEwFAYIKoZIhvcNAwcECDV5K7VOauGMBBDzpUMio7cbrHDQ+c0sEVj9", "encryptedPassword": "MDoEEPgAAAAAAAAAAAAAAAAAAAEwFAYIKoZIhvcNAwcECHGfz9QMSfnpBBDDIYhYK0tzKNyl198Ro9x3", "username": "randomUsername9", "password": "randomPassword2"}, {"host": "https://www.angle1.org", "encryptedUsername": "MEIEEPgAAAAAAAAAAAAAAAAAAAEwFAYIKoZIhvcNAwcECEDR9euAFIKRBBhDX5/FYGevnF/J3sY5QGbr1k6dFCBz8AU=", "encryptedPassword": "MDoEEPgAAAAAAAAAAAAAAAAAAAEwFAYIKoZIhvcNAwcECM4GsE/b/8SSBBDdpJCI+CR88vnBQamSXmTv", "username": "randomUsername10", "password": "randomPassword1"}]