host,encryptedUsername,encryptedPassword,username,password
https://www.random1.org,MDoEEPgAAAAAAAAAAAAAAAAAAAEwFAYIKoZIhvcNAwcECDhbAmoQ1rxBBBAf1xYB9urEddqUi0IjoQfd,MEIEEPgAAAAAAAAAAAAAAAAAAAEwFAYIKoZIhvcNAwcECO+uPnP/DF9eBBhSJrZLr0XcDXFLcczjx5oSw3ZFR5b3Vao=,randomUsername1,randomPassword10
https://www.random2.org,MDoEEPgAAAAAAAAAAAAAAAAAAAEwFAYIKoZIhvcNAwcECAJX3+51x1qsBBABa2LMllqe7zeDuAQIuewg,MEIEEPgAAAAAAAAAAAAAAAAAAAEwFAYIKoZIhvcNAwcECGM1Ruiqm8CoBBgtI9BVXlydcx8yKVlr0QjinnalO2/iwFU=,randomUsername1,randomPassword10
https://www.random3.org,MDoEEPgAAAAAAAAAAAAAAAAAAAEwFAYIKoZIhvcNAwcECPtD9Skd8X6jBBAEKZlOOGohdm2sUMxr0H9N,MEIEEPgAAAAAAAAAAAAAAAAAAAEwFAYIKoZIhvcNAwcECH3dP33w4QNNBBgd7zx79helCuEkDedKtC1EZPa1EF3makw=,randomUsername1,randomPassword10
https://www.random4.org,MDoEEPgAAAAAAAAAAAAAAAAAAAEwFAYIKoZIhvcNAwcECKpKW1VtNJ0kBBB49vsyvTpQpzPRa+1MN8CP,MEIEEPgAAAAAAAAAAAAAAAAAAAEwFAYIKoZIhvcNAwcECNL+k9IUTeXjBBgjVLEd7paGsG1gyF5KVGcSoFZ3ocrxazg=,randomUsername1,randomPassword10
https://www.random5.org,MDoEEPgAAAAAAAAAAAAAAAAAAAEwFAYIKoZIhvcNAwcECKzaVjvsU5oJBBAOqeC4JXOrKeZ5uRqX+kGZ,MEIEEPgAAAAAAAAAAAAAAAAAAAEwFAYIKoZIhvcNAwcECJigTauTgdN7BBhmM59qO4SvbNMFA4RT2G31REHi17W3FYw=,randomUsername1,randomPassword10
https://www.random6.org,MDoEEPgAAAAAAAAAAAAAAAAAAAEwFAYIKoZIhvcNAwcECAKa+McwGoUlBBCfHYZKV0SoFKfXMmcUs2M3,MEIEEPgAAAAAAAAAAAAAAAAAAAEwFAYIKoZIhvcNAwcECFRpPre7NmrIBBhiN668eCU+YfolBzX9fRuG8RRFwoiyhzQ=,randomUsername1,randomPassword10
https://www.random7.org,MDoEEPgAAAAAAAAAAAAAAAAAAAEwFAYIKoZIhvcNAwcECHls0RirirHbBBA3cvVStl/BOiIz8XX9JArp,MEIEEPgAAAAAAAAAAAAAAAAAAAEwFAYIKoZIhvcNAwcECGu3rD4dwUjQBBhQ7HUN1Um4Ahf5nFzndTNz5e9O963aJKA=,randomUsername1,randomPassword10
https://www.random8.org,MDoEEPgAAAAAAAAAAAAAAAAAAAEwFAYIKoZIhvcNAwcECCidN4eQl2yVBBA79GdF65YOzuejxQNzSDw9,MEIEEPgAAAAAAAAAAAAAAAAAAAEwFAYIKoZIhvcNAwcECBgzQb5warwBBBgSpiZOyhLHm0hmrbngpGMN3q80dIWr/2s=,randomUsername1,randomPassword10
https://www.random9.org,MDoEEPgAAAAAAAAAAAAAAAAAAAEwFAYIKoZIhvcNAwcECNNArQ4NRVqcBBDazO/PE4IL7qUu2U7mVmgl,MEIEEPgAAAAAAAAAAAAAAAAAAAEwFAYIKoZIhvcNAwcECNtv7tFFQ9aQBBj9PiSZ2dA9i+Mk3GAHlqcJSEkMKvPrjVk=,randomUsername1,randomPassword10
https://www.random10.org,MDoEEPgAAAAAAAAAAAAAAAAAAAEwFAYIKoZIhvcNAwcECEDsdDU5P9wVBBAe3yymCLCEhYkHxX3coU9g,MEIEEPgAAAAAAAAAAAAAAAAAAAEwFAYIKoZIhvcNAwcECL1ftreRh0a5BBjT9OlgmXxm6g17InkKA1MGuiSyTsqlvMQ=,randomUsername1,randomPassword10
https://www.test1.org,MDoEEPgAAAAAAAAAAAAAAAAAAAEwFAYIKoZIhvcNAwcECFfnZiqCFVfcBBCKGhSrVJDmKdqp0hWE54Aw,MDoEEPgAAAAAAAAAAAAAAAAAAAEwFAYIKoZIhvcNAwcECJcr4kCxZ3qkBBDjO0qT5G6Orrspr1eX1a9a,randomUsername2,randomPassword9
https://www.test2.org,MDoEEPgAAAAAAAAAAAAAAAAAAAEwFAYIKoZIhvcNAwcECMVCDjJZPPGiBBDMLHluhx3gKOvhZkONpprZ,MDoEEPgAAAAAAAAAAAAAAAAAAAEwFAYIKoZIhvcNAwcECFy2LqExRufaBBDB2fOE9ndupeJeVd34jy/R,randomUsername2,randomPassword9
https://www.test3.org,MDoEEPgAAAAAAAAAAAAAAAAAAAEwFAYIKoZIhvcNAwcECOtRIXgVhdZ0BBAU+hLVQFLjgJSZ4Gu/eI9+,MDoEEPgAAAAAAAAAAAAAAAAAAAEwFAYIKoZIhvcNAwcECKFsZFRsH+FGBBAehCtSKxe9ohGmVVsNLUUV,randomUsername2,randomPassword9
https://www.test4.org,MDoEEPgAAAAAAAAAAAAAAAAAAAEwFAYIKoZIhvcNAwcECCqlfzyGi9RdBBDPg8IHV28BZ58J5Ejc2rDT,MDoEEPgAAAAAAAAAAAAAAAAAAAEwFAYIKoZIhvcNAwcECBSBvuXF7CC0BBBTEblvec0G5amXLjjOK8dw,randomUsername2,randomPassword9
https://www.test5.org,MDoEEPgAAAAAAAAAAAAAAAAAAAEwFAYIKoZIhvcNAwcECK2YgzVh2rqkBBB1bI2rEGCW09fTxyQgOdY+,MDoEEPgAAAAAAAAAAAAAAAAAAAEwFAYIKoZIhvcNAwcECI8PL4Su/0k8BBBHd93dM1ZsJ6zW6PVWeV2R,randomUsername2,randomPassword9
https://www.test6.org,MDoEEPgAAAAAAAAAAAAAAAAAAAEwFAYIKoZIhvcNAwcECGNXcrlYPSMXBBDHvbMIRZuGX1buJHPLsMVl,MDoEEPgAAAAAAAAAAAAAAAAAAAEwFAYIKoZIhvcNAwcECD5HIBw+UN6NBBBnfHXT5SrZEDmdBn43nHAw,randomUsername2,randomPassword9
https://www.test7.org,MDoEEPgAAAAAAAAAAAAAAAAAAAEwFAYIKoZIhvcNAwcECM0VQ0TpLLuBBBCPNh28nw00/BqhucFjqD9d,MDoEEPgAAAAAAAAAAAAAAAAAAAEwFAYIKoZIhvcNAwcECGRmMwx7Z02YBBA0oM+GgXBpcCvwXaeMvgAG,randomUsername2,randomPassword9
https://www.test8.org,MDoEEPgAAAAAAAAAAAAAAAAAAAEwFAYIKoZIhvcNAwcECM9iSMQN/i0MBBDK0232mW2lNttFd2ikQN8d,MDoEEPgAAAAAAAAAAAAAAAAAAAEwFAYIKoZIhvcNAwcECKi68SEC3JO/BBBwN9hyFN/Y41tAmdcga9Ko,randomUsername2,randomPassword9
https://www.test9.org,MDoEEPgAAAAAAAAAAAAAAAAAAAEwFAYIKoZIhvcNAwcECERUZsFpbd5LBBA41OqIPkW/DBWJPdq3RBeJ,MDoEEPgAAAAAAAAAAAAAAAAAAAEwFAYIKoZIhvcNAwcECBbvMAfDqRdIBBDQ/uuKpLXUwN7xRZ1YatsH,randomUsername2,randomPassword9
https://www.crash1.org,MDoEEPgAAAAAAAAAAAAAAAAAAAEwFAYIKoZIhvcNAwcECK0p4Nci1odvBBCvhaIcsh21asAJBMYzJXZE,MDoEEPgAAAAAAAAAAAAAAAAAAAEwFAYIKoZIhvcNAwcECF+Vhj8PN0xRBBDDfJ1FN7RitwmZ4/RjxbAD,randomUsername3,randomPassword8
https://www.crash2.org,MDoEEPgAAAAAAAAAAAAAAAAAAAEwFAYIKoZIhvcNAwcECDc49qT0/IHABBBK0aqFTgYBH1wlKaek8JJA,MDoEEPgAAAAAAAAAAAAAAAAAAAEwFAYIKoZIhvcNAwcECPg4uOwxi1RYBBD1NrUlVJUxU+Vc1/ix8iuV,randomUsername3,randomPassword8
https://www.crash3.org,MDoEEPgAAAAAAAAAAAAAAAAAAAEwFAYIKoZIhvcNAwcECKE1BmaOspBVBBB76ALmw1yZLgm1w16efDf2,MDoEEPgAAAAAAAAAAAAAAAAAAAEwFAYIKoZIhvcNAwcECKKYQt8wkFqGBBD0ZFtbnZBMyQHWioC0SK3B,randomUsername3,randomPassword8
https://www.crash4.org,MDoEEPgAAAAAAAAAAAAAAAAAAAEwFAYIKoZIhvcNAwcECCWBS2L3HYj/BBBdwaEomU1BoJNkl1/V61i1,MDoEEPgAAAAAAAAAAAAAAAAAAAEwFAYIKoZIhvcNAwcECOMcl06U0rv0BBAYR+ymctBKrLeb/1VWdyyH,randomUsername3,randomPassword8
https://www.crash5.org,MDoEEPgAAAAAAAAAAAAAAAAAAAEwFAYIKoZIhvcNAwcECG85/tE4OYyLBBBOCDq80h52HcfJ9yAGMti4,MDoEEPgAAAAAAAAAAAAAAAAAAAEwFAYIKoZIhvcNAwcECLWPZXv7iQz6BBDQ6f0wUCmOELwCqfdw1YAy,randomUsername3,randomPassword8
https://www.crash6.org,MDoEEPgAAAAAAAAAAAAAAAAAAAEwFAYIKoZIhvcNAwcECPG8zBgp1aNdBBDYE/sckIeT180hLIGVm+Py,MDoEEPgAAAAAAAAAAAAAAAAAAAEwFAYIKoZIhvcNAwcECGkqmsPlClwGBBCgoW20EpCWVX4sK9nD7Ywh,randomUsername3,randomPassword8
https://www.crash7.org,MDoEEPgAAAAAAAAAAAAAAAAAAAEwFAYIKoZIhvcNAwcECH5pn9wtE99pBBDnGvOE95Y1uSvDed0avNzp,MDoEEPgAAAAAAAAAAAAAAAAAAAEwFAYIKoZIhvcNAwcECOAaC5mdt99ABBBiyM2UJvMg0QsynjwZ6q8q,randomUsername3,randomPassword8
https://www.crash8.org,MDoEEPgAAAAAAAAAAAAAAAAAAAEwFAYIKoZIhvcNAwcECATJ8oud0UjIBBCFXxlvhfri+vlGAXZXpY2V,MDoEEPgAAAAAAAAAAAAAAAAAAAEwFAYIKoZIhvcNAwcECCwR1XUwB5tIBBBv8GvyZtVHR1paG86kHk/f,randomUsername3,randomPassword8
https://www.scrape1.org,MDoEEPgAAAAAAAAAAAAAAAAAAAEwFAYIKoZIhvcNAwcECDoDn5wI2ejTBBC00ETdyVCIaUMpWmi8YWK3,MDoEEPgAAAAAAAAAAAAAAAAAAAEwFAYIKoZIhvcNAwcECEtRrlnmaUfMBBBJH7uGROMjVzhXtNWMIiks,randomUsername4,randomPassword7
https://www.scrape2.org,MDoEEPgAAAAAAAAAAAAAAAAAAAEwFAYIKoZIhvcNAwcECPHt40VPq6mYBBBdNXoNwvaLuqrtOX7urO83,MDoEEPgAAAAAAAAAAAAAAAAAAAEwFAYIKoZIhvcNAwcECEOEPKSXCmXzBBCv1zaI7Ym5XsH5wLzA9JA1,randomUsername4,randomPassword7
https://www.scrape3.org,MDoEEPgAAAAAAAAAAAAAAAAAAAEwFAYIKoZIhvcNAwcECPylEMX7oXZ2BBCoHDd3lQJgUDKKMFQEDqlW,MDoEEPgAAAAAAAAAAAAAAAAAAAEwFAYIKoZIhvcNAwcECD2UV6t1BMpKBBA98ZOwNRQ3bV3mjyzOKsaQ,randomUsername4,randomPassword7
https://www.scrape4.org,MDoEEPgAAAAAAAAAAAAAAAAAAAEwFAYIKoZIhvcNAwcECOOJ/q3PNWgJBBCQG/q0dHxEietwsZ6nessL,MDoEEPgAAAAAAAAAAAAAAAAAAAEwFAYIKoZIhvcNAwcECC/roe+c7NRWBBCGOcYZhU9hF3+VpPLperBN,randomUsername4,randomPassword7
https://www.scrape5.org,MDoEEPgAAAAAAAAAAAAAAAAAAAEwFAYIKoZIhvcNAwcECCZoYel68lExBBBX7kfmNl9ywO5zXpkDFxwD,MDoEEPgAAAAAAAAAAAAAAAAAAAEwFAYIKoZIhvcNAwcECLbf73ornvw6BBA1/IxYZ4E38/IUoZR3BoTA,randomUsername4,randomPassword7
https://www.scrape6.org,MDoEEPgAAAAAAAAAAAAAAAAAAAEwFAYIKoZIhvcNAwcECEmyms6sjk2sBBCNi1Ep6dQx6STuMshxENBH,MDoEEPgAAAAAAAAAAAAAAAAAAAEwFAYIKoZIhvcNAwcECOr8MP/t+QvDBBB9w9Eq5pYqt/PKJMwQ70CH,randomUsername4,randomPassword7
https://www.scrape7.org,MDoEEPgAAAAAAAAAAAAAAAAAAAEwFAYIKoZIhvcNAwcECA4O/jU76ef6BBAxInAEgE5l0vejAwG9d1Ge,MDoEEPgAAAAAAAAAAAAAAAAAAAEwFAYIKoZIhvcNAwcECLbd3Guud9+xBBC/U0a+vV/5algiqOodu++k,randomUsername4,randomPassword7
https://www.credit1.org,MDoEEPgAAAAAAAAAAAAAAAAAAAEwFAYIKoZIhvcNAwcECDoR/P9Cc18lBBCQ4/2Ev5I4qfVBwx1ZsDFJ,MDoEEPgAAAAAAAAAAAAAAAAAAAEwFAYIKoZIhvcNAwcECC2vyqxdrWmyBBCsIb5zf9fHHZp4FdVAUlPH,randomUsername5,randomPassword6
https://www.credit2.org,MDoEEPgAAAAAAAAAAAAAAAAAAAEwFAYIKoZIhvcNAwcECCIAoC53tb9CBBDf4OKpmneTLb2yvlOEjzpi,MDoEEPgAAAAAAAAAAAAAAAAAAAEwFAYIKoZIhvcNAwcECK/lBO1Sy+IxBBDsyfqReHVl48s0IEAfl9Oo,randomUsername5,randomPassword6
https://www.credit3.org,MDoEEPgAAAAAAAAAAAAAAAAAAAEwFAYIKoZIhvcNAwcECC9p2+6nOD51BBB8m+P3g8c6f1eaiUvdK+Lh,MDoEEPgAAAAAAAAAAAAAAAAAAAEwFAYIKoZIhvcNAwcECAIs4Gd1zdGDBBD7WLFUQMgH2QAGz60Hu7bS,randomUsername5,randomPassword6
https://www.credit4.org,MDoEEPgAAAAAAAAAAAAAAAAAAAEwFAYIKoZIhvcNAwcECMCybKI8rBD1BBDBFPJCyRDwBiisqJFq4qCN,MDoEEPgAAAAAAAAAAAAAAAAAAAEwFAYIKoZIhvcNAwcECO+MuDoyq/0yBBBV3sQoQLCxL5Tp9IjZchw/,randomUsername5,randomPassword6
https://www.credit5.org,MDoEEPgAAAAAAAAAAAAAAAAAAAEwFAYIKoZIhvcNAwcECIp4NJvxUG9YBBDD3mOHUJw4rV138cNls37i,MDoEEPgAAAAAAAAAAAAAAAAAAAEwFAYIKoZIhvcNAwcECNVGi9xUexHwBBAQ6vEDoKEefPEAAafOhDRI,randomUsername5,randomPassword6
https://www.credit6.org,MDoEEPgAAAAAAAAAAAAAAAAAAAEwFAYIKoZIhvcNAwcECC4tw5H00jEtBBBC/T4sCyxTMk8zZk7Jj/2R,MDoEEPgAAAAAAAAAAAAAAAAAAAEwFAYIKoZIhvcNAwcECENGG2qWAiJrBBB7mL5+41kl67Ixq1lRUP51,randomUsername5,randomPassword6
https://www.truck1.org,MDoEEPgAAAAAAAAAAAAAAAAAAAEwFAYIKoZIhvcNAwcECLfZP1mOhU41BBBOViFxrrxsftFev+POEfiu,MDoEEPgAAAAAAAAAAAAAAAAAAAEwFAYIKoZIhvcNAwcECIRhod4Mn++OBBB3Edtq1XDbf/XZC9hEXuBp,randomUsername6,randomPassword5
https://www.truck2.org,MDoEEPgAAAAAAAAAAAAAAAAAAAEwFAYIKoZIhvcNAwcECEOELu3Q1Ft1BBC9ndxsAZlMd9/0xxBxFJxO,MDoEEPgAAAAAAAAAAAAAAAAAAAEwFAYIKoZIhvcNAwcECJCU7d4iGXw1BBD1evRWiKRVcxkDPWvaqqHg,randomUsername6,randomPassword5
https://www.truck3.org,MDoEEPgAAAAAAAAAAAAAAAAAAAEwFAYIKoZIhvcNAwcECHZZy0Qt/GCnBBCSWwB4bcqGS+xBZj2My4QQ,MDoEEPgAAAAAAAAAAAAAAAAAAAEwFAYIKoZIhvcNAwcECK747H2j+sSvBBAkrAgMdJJZMmu7f18vMFIx,randomUsername6,randomPassword5
https://www.truck4.org,MDoEEPgAAAAAAAAAAAAAAAAAAAEwFAYIKoZIhvcNAwcECJeBFoT3ejSGBBA1VWoESNgtLzW5I7I87TvV,MDoEEPgAAAAAAAAAAAAAAAAAAAEwFAYIKoZIhvcNAwcECM8SdjkTwnrGBBAK/Wv/opv7reyZWm3GsrW4,randomUsername6,randomPassword5
https://www.truck5.org,MDoEEPgAAAAAAAAAAAAAAAAAAAEwFAYIKoZIhvcNAwcECPalDhRAzdZwBBD/oeGGSh8RAdnY+hDodQGY,MDoEEPgAAAAAAAAAAAAAAAAAAAEwFAYIKoZIhvcNAwcECOHuZfmNEHR4BBDcaayfKrCV43O/W+R9v/Uk,randomUsername6,randomPassword5
https://www.shark1.org,MDoEEPgAAAAAAAAAAAAAAAAAAAEwFAYIKoZIhvcNAwcECBwPaV6stD/UBBAUwwz6LgVzoAUbhbEMEyhn,MDoEEPgAAAAAAAAAAAAAAAAAAAEwFAYIKoZIhvcNAwcECMg2H7L7LzjkBBB/i/Jhg/4I1fvKM5ZNbQym,randomUsername7,randomPassword4
https://www.shark2.org,MDoEEPgAAAAAAAAAAAAAAAAAAAEwFAYIKoZIhvcNAwcECEEkDAMjlN18BBCFf2RwqKI/TyhtMDfqxa4x,MDoEEPgAAAAAAAAAAAAAAAAAAAEwFAYIKoZIhvcNAwcECNyGjcErIjdvBBBdKYXZANmxHmTxbovSufvM,randomUsername7,randomPassword4
https://www.shark3.org,MDoEEPgAAAAAAAAAAAAAAAAAAAEwFAYIKoZIhvcNAwcECHWECrRlg8P4BBC+zZEJ8CD9/nUDDtrqb6U2,MDoEEPgAAAAAAAAAAAAAAAAAAAEwFAYIKoZIhvcNAwcECGtbPKFPoX6WBBDLLplLrRP3D77UOdsYsws6,randomUsername7,randomPassword4
https://www.shark4.org,MDoEEPgAAAAAAAAAAAAAAAAAAAEwFAYIKoZIhvcNAwcECBmKYNACHdNfBBDlinnAEYfQPQV/pKAUYXDT,MDoEEPgAAAAAAAAAAAAAAAAAAAEwFAYIKoZIhvcNAwcECN9QE4gbHWolBBB2tn+JW9X4y8lCpHaBefdo,randomUsername7,randomPassword4
https://www.drink1.org,MDoEEPgAAAAAAAAAAAAAAAAAAAEwFAYIKoZIhvcNAwcECLQyBAez/Nm+BBCeUrWslLVplWN0iWMKaUjB,MDoEEPgAAAAAAAAAAAAAAAAAAAEwFAYIKoZIhvcNAwcECEpIzDP4GUNYBBBEUA/QgjRNsGLpbMKBSh3Y,randomUsername8,randomPassword3
https://www.drink2.org,MDoEEPgAAAAAAAAAAAAAAAAAAAEwFAYIKoZIhvcNAwcECJBBq2+ckeMVBBCBqzqLBKE4gVnATQ9/Im0u,MDoEEPgAAAAAAAAAAAAAAAAAAAEwFAYIKoZIhvcNAwcECMRqo3SCC9ggBBBoHMlR9G6rw9j/QKjChEQm,randomUsername8,randomPassword3
https://www.drink3.org,MDoEEPgAAAAAAAAAAAAAAAAAAAEwFAYIKoZIhvcNAwcECJzog1nLgtwBBBDUJb0wjJNfdWEsCdATedGg,MDoEEPgAAAAAAAAAAAAAAAAAAAEwFAYIKoZIhvcNAwcECIBt/tyqxhozBBDRlBlpfRaE4BzIhW7wJA5t,randomUsername8,randomPassword3
https://www.movie1.org,MDoEEPgAAAAAAAAAAAAAAAAAAAEwFAYIKoZIhvcNAwcECGPfZK0YgNOSBBD62vsuNKj+08sHlCbh2sfo,MDoEEPgAAAAAAAAAAAAAAAAAAAEwFAYIKoZIhvcNAwcECKTiqbtR9Bd9BBCXYpqtyx4wQBiZt195QfsJ,randomUsername9,randomPassword2
https://www.movie2.org,MDoEEPgAAAAAAAAAAAAAAAAAAAEwFAYIKoZIhvcNAwcECDV5K7VOauGMBBDzpUMio7cbrHDQ+c0sEVj9,MDoEEPgAAAAAAAAAAAAAAAAAAAEwFAYIKoZIhvcNAwcECHGfz9QMSfnpBBDDIYhYK0tzKNyl198Ro9x3,randomUsername9,randomPassword2
https://www.angle1.org,MEIEEPgAAAAAAAAAAAAAAAAAAAEwFAYIKoZIhvcNAwcECEDR9euAFIKRBBhDX5/FYGevnF/J3sY5QGbr1k6dFCBz8AU=,MDoEEPgAAAAAAAAAAAAAAAAAAAEwFAYIKoZIhvcNAwcECM4GsE/b/8SSBBDdpJCI+CR88vnBQamSXmTv,randomUsername10,randomPassword1
