[{"query": "filebin", "useFrequency": 1}, {"query": "linkedin", "useFrequency": 1}, {"query": "random", "useFrequency": 1}]