<urlSearchClickthroughs><urlsearchclickthrough><query>filebin</query><useFrequency>1</useFrequency></urlsearchclickthrough><urlsearchclickthrough><query>linkedin</query><useFrequency>1</useFrequency></urlsearchclickthrough><urlsearchclickthrough><query>random</query><useFrequency>1</useFrequency></urlsearchclickthrough></urlSearchClickthroughs>