query,useFrequency
filebin,1
linkedin,1
random,1
